 PhysXCooking_64

 Timestamp is 5c8bc5e6 (Fri Mar 15 11:33:58 2019)

 Preferred load address is 0000000180000000

 Start         Length     Name                   Class
 0001:00000000 00000640H .text$di                CODE
 0001:00000640 0002d490H .text$mn                CODE
 0001:0002dad0 00000012H .text$mn$00             CODE
 0001:0002dae2 00000081H .text$x                 CODE
 0002:00000000 000001b8H .idata$5                DATA
 0002:000001b8 00000010H .00cfg                  DATA
 0002:000001c8 00000008H .CRT$XCA                DATA
 0002:000001d0 000001e0H .CRT$XCU                DATA
 0002:000003b0 00000008H .CRT$XCZ                DATA
 0002:000003b8 00000008H .CRT$XIA                DATA
 0002:000003c0 00000008H .CRT$XIZ                DATA
 0002:000003c8 00000008H .CRT$XPA                DATA
 0002:000003d0 00000008H .CRT$XPZ                DATA
 0002:000003d8 00000008H .CRT$XTA                DATA
 0002:000003e0 00000010H .CRT$XTZ                DATA
 0002:000003e8 00000000H .gfids$y                DATA
 0002:000003f0 00002438H .rdata                  DATA
 0002:00002828 00000074H .rdata$r                DATA
 0002:0000289c 000003acH .rdata$zzzdbg           DATA
 0002:00002c48 00000008H .rtc$IAA                DATA
 0002:00002c50 00000008H .rtc$IZZ                DATA
 0002:00002c58 00000008H .rtc$TAA                DATA
 0002:00002c60 00000008H .rtc$TZZ                DATA
 0002:00002c68 00003590H .xdata                  DATA
 0002:000061f8 00000040H .didat$2                DATA
 0002:00006238 00000020H .didat$3                DATA
 0002:00006258 00000210H .didat$4                DATA
 0002:00006468 00000cf0H .didat$6                DATA
 0002:00007158 00000218H .didat$7                DATA
 0002:00007370 00001d10H .edata                  DATA
 0002:00009080 00000078H .idata$2                DATA
 0002:000090f8 00000018H .idata$3                DATA
 0002:00009110 000001b8H .idata$4                DATA
 0002:000092c8 00000442H .idata$6                DATA
 0003:00000000 00000058H .data                   DATA
 0003:00000058 00000328H .data$r                 DATA
 0003:00000380 00000210H .didat$5                DATA
 0003:00000590 00000490H .bss                    DATA
 0004:00000000 00002058H .pdata                  DATA
 0005:00000000 000006e0H _RDATA                  DATA
 0006:00000000 000000a0H .rsrc$01                DATA
 0006:000000a0 000004b0H .rsrc$02                DATA

  Address         Publics by Value              Rva+Base               Lib:Object

 0000:00000000       __enclave_config           0000000000000000     <absolute>
 0000:00000000       __hybrid_auxiliary_iat     0000000000000000     <absolute>
 0000:00000000       __guard_iat_table          0000000000000000     <absolute>
 0000:00000000       __hybrid_code_map          0000000000000000     <absolute>
 0000:00000000       ___safe_se_handler_count   0000000000000000     <absolute>
 0000:00000000       ___safe_se_handler_table   0000000000000000     <absolute>
 0000:00000000       __dynamic_value_reloc_table 0000000000000000     <absolute>
 0000:00000000       __guard_longjmp_count      0000000000000000     <absolute>
 0000:00000000       __volatile_metadata        0000000000000000     <absolute>
 0000:00000000       __guard_fids_table         0000000000000000     <absolute>
 0000:00000000       __hybrid_code_map_count    0000000000000000     <absolute>
 0000:00000000       __guard_iat_count          0000000000000000     <absolute>
 0000:00000000       __guard_longjmp_table      0000000000000000     <absolute>
 0000:00000000       __guard_fids_count         0000000000000000     <absolute>
 0000:00000100       __guard_flags              0000000000000100     <absolute>
 0000:00000000       __ImageBase                0000000180000000     <linker-defined>
 0001:00000640       ?ComputeNbBoundaryEdges@AdjTriangle@physx@@QEBAIXZ 0000000180001640 f   Adjacencies.obj
 0001:00000690       ?ComputeNbNeighbors@AdjTriangle@physx@@QEBAIXZ 0000000180001690 f   Adjacencies.obj
 0001:000006e0       ?HasNeighbor@AdjTriangle@physx@@QEBA_NIPEAI@Z 00000001800016e0 f   Adjacencies.obj
 0001:00000750       ?Flip@AdjTriangle@physx@@QEAAXXZ 0000000180001750 f   Adjacencies.obj
 0001:00000770       ??0Adjacencies@physx@@QEAA@XZ 0000000180001770 f   Adjacencies.obj
 0001:00000790       ??1Adjacencies@physx@@QEAA@XZ 0000000180001790 f   Adjacencies.obj
 0001:00000800       ?Load@Adjacencies@physx@@QEAA_NAEAVPxInputStream@2@@Z 0000000180001800 f   Adjacencies.obj
 0001:000008e0       ?ComputeNbBoundaryEdges@Adjacencies@physx@@QEBAIXZ 00000001800018e0 f   Adjacencies.obj
 0001:00000960       ?GetBoundaryVertices@Adjacencies@physx@@QEBA_NIPEA_NPEBU?$TriangleT@I@Gu@2@@Z 0000000180001960 f   Adjacencies.obj
 0001:00000ac0       ?MakeLastRef@Adjacencies@physx@@QEAA_NAEAVAdjTriangle@2@IPEAU?$TriangleT@I@Gu@2@@Z 0000000180001ac0 f   Adjacencies.obj
 0001:00000d10       ?AssignNewEdgeCode@Adjacencies@physx@@AEAAXIE@Z 0000000180001d10 f   Adjacencies.obj
 0001:00000d60       ??0AdjacenciesBuilder@physx@@QEAA@XZ 0000000180001d60 f   Adjacencies.obj
 0001:00000d80       ??1AdjacenciesBuilder@physx@@QEAA@XZ 0000000180001d80 f   Adjacencies.obj
 0001:00000d90       ?Init@AdjacenciesBuilder@physx@@QEAA_NAEBUADJACENCIESCREATE@2@@Z 0000000180001d90 f   Adjacencies.obj
 0001:00001110       ??$?_UV?$ReflectionAllocator@VAdjTriangle@physx@@@shdfnd@physx@@@UserAllocated@shdfnd@physx@@SAPEAX_KV?$ReflectionAllocator@VAdjTriangle@physx@@@12@PEBDH@Z 0000000180002110 f i Adjacencies.obj
 0001:000011b0       ??0AdjEdge@@QEAA@XZ        00000001800021b0 f i Adjacencies.obj
 0001:000011c0       ??0AdjTriangle@physx@@QEAA@XZ 00000001800021c0 f i Adjacencies.obj
 0001:000011d0       ??0Allocator@shdfnd@physx@@QEAA@PEBD@Z 00000001800021d0 f i Adjacencies.obj
 0001:000011e0       ??0PxFoundation@physx@@QEAA@AEBV01@@Z 00000001800021e0 f i Adjacencies.obj
 0001:000011f0       ??0PxFoundation@physx@@QEAA@XZ 00000001800021f0 f i Adjacencies.obj
 0001:00001200       ??1AdjEdge@@QEAA@XZ        0000000180002200 f i Adjacencies.obj
 0001:00001210       ??1AdjTriangle@physx@@QEAA@XZ 0000000180002210 f i Adjacencies.obj
 0001:00001220       ??1PxFoundation@physx@@MEAA@XZ 0000000180002220 f i Adjacencies.obj
 0001:00001230       ??4Allocator@shdfnd@physx@@QEAAAEAV012@$$QEAV012@@Z 0000000180002230 f i Adjacencies.obj
 0001:00001240       ??4Allocator@shdfnd@physx@@QEAAAEAV012@AEBV012@@Z 0000000180002240 f i Adjacencies.obj
 0001:00001250       ??4MutexImpl@shdfnd@physx@@QEAAAEAV012@AEBV012@@Z 0000000180002250 f i Adjacencies.obj
 0001:00001260       ??4PxFoundation@physx@@QEAAAEAV01@AEBV01@@Z 0000000180002260 f i Adjacencies.obj
 0001:00001270       ??_EAdjEdge@@QEAAPEAXI@Z   0000000180002270 f i Adjacencies.obj
 0001:000012f0       ??_EAdjTriangle@physx@@QEAAPEAXI@Z 00000001800022f0 f i Adjacencies.obj
 0001:00001370       ??_EPxFoundation@physx@@MEAAPEAXI@Z 0000000180002370 f i Adjacencies.obj
 0001:00001400       ??_FAllocator@shdfnd@physx@@QEAAXXZ 0000000180002400 f i Adjacencies.obj
 0001:00001410       ??_FNamedAllocator@shdfnd@physx@@QEAAXXZ 0000000180002410 f i Adjacencies.obj
 0001:00001420       ??_GPxFoundation@physx@@MEAAPEAXI@Z 0000000180002420 f i Adjacencies.obj
 0001:00001450       ??_H@YAXPEAX_K1P6APEAX0@Z@Z 0000000180002450 f i Adjacencies.obj
 0001:000014a0       ??_I@YAXPEAX_K1P6AX0@Z@Z   00000001800024a0 f i Adjacencies.obj
 0001:00001760       ?GetNbHits@RadixSort@Cm@physx@@QEBAIXZ 0000000180002760 f i Adjacencies.obj
 0001:00001770       ?GetNbTotalCalls@RadixSort@Cm@physx@@QEBAIXZ 0000000180002770 f i Adjacencies.obj
 0001:00001780       ?GetRanks@RadixSort@Cm@physx@@QEBAPEBIXZ 0000000180002780 f i Adjacencies.obj
 0001:00001790       ?GetRecyclable@RadixSort@Cm@physx@@QEBAPEAIXZ 0000000180002790 f i Adjacencies.obj
 0001:000019e0       ?__empty_global_delete@@YAXPEAX@Z 00000001800029e0 f i Adjacencies.obj
 0001:000019f0       ?__empty_global_delete@@YAXPEAX_K@Z 00000001800029f0 f i Adjacencies.obj
 0001:00001a00       ?getAllocator@Foundation@shdfnd@physx@@QEAAAEAVPxAllocatorCallback@3@XZ 0000000180002a00 f i Adjacencies.obj
 0001:00001a10       ?getAllocatorCallback@Foundation@shdfnd@physx@@UEAAAEAVPxAllocatorCallback@3@XZ 0000000180002a10 f i Adjacencies.obj
 0001:00001a20       ?getErrorCallback@Foundation@shdfnd@physx@@UEAAAEAVPxErrorCallback@3@XZ 0000000180002a20 f i Adjacencies.obj
 0001:00001a30       ?getErrorLevel@Foundation@shdfnd@physx@@UEBA?AW4Enum@PxErrorCode@3@XZ 0000000180002a30 f i Adjacencies.obj
 0001:00001a40       ?getInternalErrorCallback@Foundation@shdfnd@physx@@QEAAAEAVPxErrorCallback@3@XZ 0000000180002a40 f i Adjacencies.obj
 0001:00001a50       ?getNamedAllocMap@Foundation@shdfnd@physx@@QEAAAEAV?$HashMap@PEBVNamedAllocator@shdfnd@physx@@PEBDU?$Hash@PEBVNamedAllocator@shdfnd@physx@@@23@VNonTrackingAllocator@23@@23@XZ 0000000180002a50 f i Adjacencies.obj
 0001:00001a60       ?getNamedAllocMutex@Foundation@shdfnd@physx@@QEAAAEAV?$MutexT@VAllocator@shdfnd@physx@@@23@XZ 0000000180002a60 f i Adjacencies.obj
 0001:00001a70       ?getReportAllocationNames@Foundation@shdfnd@physx@@UEBA_NXZ 0000000180002a70 f i Adjacencies.obj
 0001:00001a80       ?getTempAllocFreeTable@Foundation@shdfnd@physx@@QEAAAEAV?$Array@PEATTempAllocatorChunk@shdfnd@physx@@VAllocator@23@@23@XZ 0000000180002a80 f i Adjacencies.obj
 0001:00001a90       ?getTempAllocMutex@Foundation@shdfnd@physx@@QEAAAEAV?$MutexT@VAllocator@shdfnd@physx@@@23@XZ 0000000180002a90 f i Adjacencies.obj
 0001:00001aa0       ?invalidateRanks@RadixSort@Cm@physx@@QEAAXXZ 0000000180002aa0 f i Adjacencies.obj
 0001:00001ab0       ?setErrorLevel@Foundation@shdfnd@physx@@UEAAXW4Enum@PxErrorCode@3@@Z 0000000180002ab0 f i Adjacencies.obj
 0001:00001ac0       ?setReportAllocationNames@Foundation@shdfnd@physx@@UEAAX_N@Z 0000000180002ac0 f i Adjacencies.obj
 0001:00001ad0       PxCreateCooking            0000000180002ad0 f   Cooking.obj
 0001:00001bc0       ?release@Cooking@physx@@UEAAXXZ 0000000180002bc0 f   Cooking.obj
 0001:00001bf0       ?setParams@Cooking@physx@@UEAAXAEBUPxCookingParams@2@@Z 0000000180002bf0 f   Cooking.obj
 0001:00001c50       ?getParams@Cooking@physx@@UEBAAEBUPxCookingParams@2@XZ 0000000180002c50 f   Cooking.obj
 0001:00001c60       ?platformMismatch@Cooking@physx@@UEBA_NXZ 0000000180002c60 f   Cooking.obj
 0001:00001c70       ?cookTriangleMesh@Cooking@physx@@UEBA_NAEBVPxTriangleMeshDesc@2@AEAVPxOutputStream@2@PEAW4Enum@PxTriangleMeshCookingResult@2@@Z 0000000180002c70 f   Cooking.obj
 0001:00001db0       ?createTriangleMesh@Cooking@physx@@UEBAPEAVPxTriangleMesh@2@AEBVPxTriangleMeshDesc@2@AEAVPxPhysicsInsertionCallback@2@PEAW4Enum@PxTriangleMeshCookingResult@2@@Z 0000000180002db0 f   Cooking.obj
 0001:00001f10       ?validateTriangleMesh@Cooking@physx@@UEBA_NAEBVPxTriangleMeshDesc@2@@Z 0000000180002f10 f   Cooking.obj
 0001:00002020       ?cookConvexMesh@Cooking@physx@@UEBA_NAEBVPxConvexMeshDesc@2@AEAVPxOutputStream@2@PEAW4Enum@PxConvexMeshCookingResult@2@@Z 0000000180003020 f   Cooking.obj
 0001:00002210       ?createConvexMesh@Cooking@physx@@UEBAPEAVPxConvexMesh@2@AEBVPxConvexMeshDesc@2@AEAVPxPhysicsInsertionCallback@2@PEAW4Enum@PxConvexMeshCookingResult@2@@Z 0000000180003210 f   Cooking.obj
 0001:000024a0       ?validateConvexMesh@Cooking@physx@@UEBA_NAEBVPxConvexMeshDesc@2@@Z 00000001800034a0 f   Cooking.obj
 0001:00002510       ?computeHullPolygons@Cooking@physx@@UEBA_NAEBVPxSimpleTriangleMesh@2@AEAVPxAllocatorCallback@2@AEAIAEAPEAVPxVec3@2@2AEAPEAI2AEAPEAUPxHullPolygon@2@@Z 0000000180003510 f   Cooking.obj
 0001:000026f0       ?cookHeightField@Cooking@physx@@UEBA_NAEBVPxHeightFieldDesc@2@AEAVPxOutputStream@2@@Z 00000001800036f0 f   Cooking.obj
 0001:000027f0       ?createHeightField@Cooking@physx@@UEBAPEAVPxHeightField@2@AEBVPxHeightFieldDesc@2@AEAVPxPhysicsInsertionCallback@2@@Z 00000001800037f0 f   Cooking.obj
 0001:000029c0       ?cookBVHStructure@Cooking@physx@@UEBA_NAEBVPxBVHStructureDesc@2@AEAVPxOutputStream@2@@Z 00000001800039c0 f   Cooking.obj
 0001:00002aa0       ?createBVHStructure@Cooking@physx@@UEBAPEAVPxBVHStructure@2@AEBVPxBVHStructureDesc@2@AEAVPxPhysicsInsertionCallback@2@@Z 0000000180003aa0 f   Cooking.obj
 0001:00002b80       ?cookConvexMeshInternal@Cooking@physx@@AEBA_NAEBVPxConvexMeshDesc@2@AEAVConvexMeshBuilder@2@PEAVConvexHullLib@2@PEAW4Enum@PxConvexMeshCookingResult@2@@Z 0000000180003b80 f   Cooking.obj
 0001:00002e30       ?cookTriangleMesh@Cooking@physx@@AEBA_NAEAVTriangleMeshBuilder@2@AEBVPxTriangleMeshDesc@2@AEAVPxOutputStream@2@PEAW4Enum@PxTriangleMeshCookingResult@2@@Z 0000000180003e30 f   Cooking.obj
 0001:00002ed0       ?createTriangleMesh@Cooking@physx@@AEBAPEAVPxTriangleMesh@2@AEAVTriangleMeshBuilder@2@AEBVPxTriangleMeshDesc@2@AEAVPxPhysicsInsertionCallback@2@PEAW4Enum@PxTriangleMeshCookingResult@2@@Z 0000000180003ed0 f   Cooking.obj
 0001:00002f80       ??0ConvexMesh@Gu@physx@@QEAA@V?$PxFlags@W4Enum@PxBaseFlag@physx@@G@2@@Z 0000000180003f80 f i Cooking.obj
 0001:00002fd0       ??0DebugText@Cm@physx@@QEAA@$$QEAU012@@Z 0000000180003fd0 f i Cooking.obj
 0001:000030b0       ??0DebugText@Cm@physx@@QEAA@AEBU012@@Z 00000001800040b0 f i Cooking.obj
 0001:00003190       ??0HeightFieldData@Gu@physx@@QEAA@$$QEAU012@@Z 0000000180004190 f i Cooking.obj
 0001:000031f0       ??0HeightFieldData@Gu@physx@@QEAA@AEBU012@@Z 00000001800041f0 f i Cooking.obj
 0001:00003250       ??0HeightFieldData@Gu@physx@@QEAA@W4PxEMPTY@2@@Z 0000000180004250 f i Cooking.obj
 0001:00003260       ??0HeightFieldData@Gu@physx@@QEAA@XZ 0000000180004260 f i Cooking.obj
 0001:00003270       ??0RenderOutput@Cm@physx@@QEAA@AEAVRenderBuffer@12@@Z 0000000180004270 f i Cooking.obj
 0001:000032c0       ??0RenderOutput@Cm@physx@@QEAA@AEBV012@@Z 00000001800042c0 f i Cooking.obj
 0001:00003360       ??1HeightFieldData@Gu@physx@@QEAA@XZ 0000000180004360 f i Cooking.obj
 0001:00003370       ??1PxBase@physx@@MEAA@XZ   0000000180004370 f i Cooking.obj
 0001:00003380       ??1PxConvexMesh@physx@@MEAA@XZ 0000000180004380 f i Cooking.obj
 0001:00003390       ??1PxCooking@physx@@MEAA@XZ 0000000180004390 f i Cooking.obj
 0001:000033a0       ??1PxHeightField@physx@@MEAA@XZ 00000001800043a0 f i Cooking.obj
 0001:000033b0       ??1RefCountable@Cm@physx@@UEAA@XZ 00000001800043b0 f i Cooking.obj
 0001:000033c0       ??4DebugText@Cm@physx@@QEAAAEAU012@$$QEAU012@@Z 00000001800043c0 f i Cooking.obj
 0001:00003430       ??4DebugText@Cm@physx@@QEAAAEAU012@AEBU012@@Z 0000000180004430 f i Cooking.obj
 0001:000034a0       ??4FPUGuard@shdfnd@physx@@QEAAAEAV012@AEBV012@@Z 00000001800044a0 f i Cooking.obj
 0001:000034c0       ??4HeightFieldData@Gu@physx@@QEAAAEAU012@$$QEAU012@@Z 00000001800044c0 f i Cooking.obj
 0001:00003520       ??4HeightFieldData@Gu@physx@@QEAAAEAU012@AEBU012@@Z 0000000180004520 f i Cooking.obj
 0001:00003580       ??_EConvexMesh@Gu@physx@@UEAAPEAXI@Z 0000000180004580 f i Cooking.obj
 0001:0000368c       ??_EConvexMesh@Gu@physx@@WBA@EAAPEAXI@Z 000000018000468c f i Cooking.obj
 0001:000036a0       ??_EPxConvexMesh@physx@@MEAAPEAXI@Z 00000001800046a0 f i Cooking.obj
 0001:00003730       ??_ECooking@physx@@UEAAPEAXI@Z 0000000180004730 f i Cooking.obj
 0001:00003730       ??_GCooking@physx@@UEAAPEAXI@Z 0000000180004730 f i Cooking.obj
 0001:00003780       ??_EPxBase@physx@@MEAAPEAXI@Z 0000000180004780 f i Cooking.obj
 0001:00003780       ??_GPxBase@physx@@MEAAPEAXI@Z 0000000180004780 f i Cooking.obj
 0001:000037b0       ??_EPxCooking@physx@@MEAAPEAXI@Z 00000001800047b0 f i Cooking.obj
 0001:000037b0       ??_GPxCooking@physx@@MEAAPEAXI@Z 00000001800047b0 f i Cooking.obj
 0001:000037e0       ??_GRefCountable@Cm@physx@@UEAAPEAXI@Z 00000001800047e0 f i Cooking.obj
 0001:000037e0       ??_ERefCountable@Cm@physx@@UEAAPEAXI@Z 00000001800047e0 f i Cooking.obj
 0001:00003810       ?copy@?$Array@UPxDebugLine@physx@@VNamedAllocator@shdfnd@2@@shdfnd@physx@@KAXPEAUPxDebugLine@3@0PEBU43@@Z 0000000180004810 f i Cooking.obj
 0001:000039c0       ?getConcreteTypeName@PxConvexMesh@physx@@UEBAPEBDXZ 00000001800049c0 f i Cooking.obj
 0001:000039d0       ?getConcreteTypeName@PxHeightField@physx@@UEBAPEBDXZ 00000001800049d0 f i Cooking.obj
 0001:000039e0       ?getConvexEdgeThreshold@HeightField@Gu@physx@@UEBAMXZ 00000001800049e0 f i Cooking.obj
 0001:000039f0       ?getFlags@HeightField@Gu@physx@@UEBA?AV?$PxFlags@W4Enum@PxHeightFieldFlag@physx@@G@3@XZ 00000001800049f0 f i Cooking.obj
 0001:00003a00       ?getFormat@HeightField@Gu@physx@@UEBA?AW4Enum@PxHeightFieldFormat@3@XZ 0000000180004a00 f i Cooking.obj
 0001:00003a10       ?getHeight@HeightField@Gu@physx@@UEBAMMM@Z 0000000180004a10 f i Cooking.obj
 0001:00003a50       ?getHeightInternal2@HeightField@Gu@physx@@QEBAMIMM@Z 0000000180004a50 f i Cooking.obj
 0001:00003bc0       ?getIndexBuffer@ConvexMesh@Gu@physx@@UEBAPEBEXZ 0000000180004bc0 f i Cooking.obj
 0001:00003c00       ?getNbColumns@HeightField@Gu@physx@@UEBAIXZ 0000000180004c00 f i Cooking.obj
 0001:00003c10       ?getNbPolygons@ConvexMesh@Gu@physx@@UEBAIXZ 0000000180004c10 f i Cooking.obj
 0001:00003c20       ?getNbRows@HeightField@Gu@physx@@UEBAIXZ 0000000180004c20 f i Cooking.obj
 0001:00003c30       ?getNbVertices@ConvexMesh@Gu@physx@@UEBAIXZ 0000000180004c30 f i Cooking.obj
 0001:00003c40       ?getPaddedBounds@HeightFieldData@Gu@physx@@QEBAAEBVCenterExtentsPadded@23@XZ 0000000180004c40 f i Cooking.obj
 0001:00003c50       ?getSample@HeightField@Gu@physx@@UEBAAEBUPxHeightFieldSample@3@II@Z 0000000180004c50 f i Cooking.obj
 0001:00003c60       ?getSampleStride@HeightField@Gu@physx@@UEBAIXZ 0000000180004c60 f i Cooking.obj
 0001:00003c70       ?getTimestamp@HeightField@Gu@physx@@UEBAIXZ 0000000180004c70 f i Cooking.obj
 0001:00003c80       ?getTriangleMaterialIndex@HeightField@Gu@physx@@UEBAGI@Z 0000000180004c80 f i Cooking.obj
 0001:00003cb0       ?getTriangleNormal@HeightField@Gu@physx@@UEBA?AVPxVec3@3@I@Z 0000000180004cb0 f i Cooking.obj
 0001:00003db0       ?getVertices@ConvexMesh@Gu@physx@@UEBAPEBVPxVec3@3@XZ 0000000180004db0 f i Cooking.obj
 0001:00003dd0       ?isKindOf@PxBase@physx@@MEBA_NPEBD@Z 0000000180004dd0 f i Cooking.obj
 0001:00003e00       ?isKindOf@PxConvexMesh@physx@@MEBA_NPEBD@Z 0000000180004e00 f i Cooking.obj
 0001:00003e50       ?isKindOf@PxHeightField@physx@@MEBA_NPEBD@Z 0000000180004e50 f i Cooking.obj
 0001:00003ea0       ?isReleasable@PxBase@physx@@UEBA_NXZ 0000000180004ea0 f i Cooking.obj
 0001:00003eb0       ?onRefCountZero@RefCountable@Cm@physx@@UEAAXXZ 0000000180004eb0 f i Cooking.obj
 0001:00003ed0       ?outputSegment@RenderOutput@Cm@physx@@QEAAXAEBVPxVec3@3@0@Z 0000000180004ed0 f i Cooking.obj
 0001:00003f90       ?recreate@?$Array@UPxDebugLine@physx@@VNamedAllocator@shdfnd@2@@shdfnd@physx@@IEAAXI@Z 0000000180004f90 f i Cooking.obj
 0001:00004030       ?requiresObjects@ConvexMesh@Gu@physx@@UEAAXAEAVPxProcessPxBaseCallback@3@@Z 0000000180005030 f i Cooking.obj
 0001:00004040       ?reserveSegments@RenderOutput@Cm@physx@@QEAAPEAUPxDebugLine@3@I@Z 0000000180005040 f i Cooking.obj
 0001:000040b0       ??0ReducedVertexCloud@physx@@QEAA@PEBVPxVec3@1@I@Z 00000001800050b0 f   CookingUtils.obj
 0001:000040d0       ??1ReducedVertexCloud@physx@@QEAA@XZ 00000001800050d0 f   CookingUtils.obj
 0001:000040e0       ?Clean@ReducedVertexCloud@physx@@QEAAAEAV12@XZ 00000001800050e0 f   CookingUtils.obj
 0001:00004150       ?Reduce@ReducedVertexCloud@physx@@QEAA_NPEAUREDUCEDCLOUD@2@@Z 0000000180005150 f   CookingUtils.obj
 0001:00004460       ??0EdgeList@Gu@physx@@QEAA@XZ 0000000180005460 f   EdgeList.obj
 0001:00004480       ??1EdgeList@Gu@physx@@QEAA@XZ 0000000180005480 f   EdgeList.obj
 0001:00004530       ?load@EdgeList@Gu@physx@@QEAA_NAEAVPxInputStream@3@@Z 0000000180005530 f   EdgeList.obj
 0001:00004740       ??0EdgeListBuilder@Gu@physx@@QEAA@XZ 0000000180005740 f   EdgeList.obj
 0001:00004760       ??1EdgeListBuilder@Gu@physx@@QEAA@XZ 0000000180005760 f   EdgeList.obj
 0001:00004770       ?init@EdgeListBuilder@Gu@physx@@QEAA_NAEBUEDGELISTCREATE@23@@Z 0000000180005770 f   EdgeList.obj
 0001:000048b0       ?createFacesToEdges@EdgeListBuilder@Gu@physx@@AEAA_NIPEBIPEBG@Z 00000001800058b0 f   EdgeList.obj
 0001:00004d10       ?createEdgesToFaces@EdgeListBuilder@Gu@physx@@AEAA_NIPEBIPEBG@Z 0000000180005d10 f   EdgeList.obj
 0001:00004f60       ?computeActiveEdges@EdgeListBuilder@Gu@physx@@AEAA_NIPEBIPEBGPEBVPxVec3@3@M@Z 0000000180005f60 f   EdgeList.obj
 0001:00006520       ??$?_UI@@YAPEAX_KV?$ReflectionAllocator@I@shdfnd@physx@@PEBDH@Z 0000000180007520 f i EdgeList.obj
 0001:000065c0       ??0PxVec3@physx@@QEAA@XZ   00000001800075c0 f i EdgeList.obj
 0001:00006620       ??0MeshCleaner@physx@@QEAA@IPEBVPxVec3@1@IPEBIM@Z 0000000180007620 f   MeshCleaner.obj
 0001:00006fd0       ??1MeshCleaner@physx@@QEAA@XZ 0000000180007fd0 f   MeshCleaner.obj
 0001:00007060       ?createQuantizer@physx@@YAPEAVQuantizer@1@XZ 0000000180008060 f   Quantizer.obj
 0001:00007180       ?kmeans_cluster3d@@YAIPEBVPxVec3@physx@@IIPEAV12@PEAIMM@Z 0000000180008180 f   Quantizer.obj
 0001:00007190       ??$kmeans_cluster@VPxVec3@physx@@M@@YAIPEBVPxVec3@physx@@IIPEAV01@PEAIMM@Z 0000000180008190 f i Quantizer.obj
 0001:00007a70       ??1Quantizer@physx@@MEAA@XZ 0000000180008a70 f i Quantizer.obj
 0001:00007a80       ??1QuantizerImpl@@EEAA@XZ  0000000180008a80 f i Quantizer.obj
 0001:00007b00       ??_GQuantizer@physx@@MEAAPEAXI@Z 0000000180008b00 f i Quantizer.obj
 0001:00007b00       ??_EQuantizer@physx@@MEAAPEAXI@Z 0000000180008b00 f i Quantizer.obj
 0001:00007b30       ??_EQuantizerImpl@@EEAAPEAXI@Z 0000000180008b30 f i Quantizer.obj
 0001:00007b30       ??_GQuantizerImpl@@EEAAPEAXI@Z 0000000180008b30 f i Quantizer.obj
 0001:00007c00       ?getDenormalizeCenter@QuantizerImpl@@UEBAAEBVPxVec3@physx@@XZ 0000000180008c00 f i Quantizer.obj
 0001:00007c10       ?getDenormalizeScale@QuantizerImpl@@UEBAAEBVPxVec3@physx@@XZ 0000000180008c10 f i Quantizer.obj
 0001:00007c20       ?growAndPushBack@?$Array@VPxVec3@physx@@VNamedAllocator@shdfnd@2@@shdfnd@physx@@IEAAAEAVPxVec3@3@AEBV43@@Z 0000000180008c20 f i Quantizer.obj
 0001:00007db0       ?kmeansQuantize3D@QuantizerImpl@@UEAAPEBVPxVec3@physx@@IPEBV23@I_NIAEAI@Z 0000000180008db0 f i Quantizer.obj
 0001:00008050       ?normalizeInput@QuantizerImpl@@AEAAXIPEBVPxVec3@physx@@I@Z 0000000180009050 f i Quantizer.obj
 0001:00008490       ?release@QuantizerImpl@@UEAAXXZ 0000000180009490 f i Quantizer.obj
 0001:000084b0       ??0BVHStructureBuilder@physx@@QEAA@XZ 00000001800094b0 f   BVHStructureBuilder.obj
 0001:000084d0       ??1BVHStructureBuilder@physx@@QEAA@XZ 00000001800094d0 f   BVHStructureBuilder.obj
 0001:00008560       ?loadFromDesc@BVHStructureBuilder@physx@@QEAA_NAEBVPxBVHStructureDesc@2@@Z 0000000180009560 f   BVHStructureBuilder.obj
 0001:000088c0       ?save@BVHStructureBuilder@physx@@QEBA_NAEAVPxOutputStream@2@_N@Z 00000001800098c0 f   BVHStructureBuilder.obj
 0001:00008a50       ?moveData@BVHStructureBuilder@physx@@QEAAXAEAUBVHStructureData@Gu@2@@Z 0000000180009a50 f   BVHStructureBuilder.obj
 0001:00008a90       ?flatten@@YAXAEBVNodeAllocator@Gu@physx@@PEAUBVHNode@23@@Z 0000000180009a90 f   BVHStructureBuilder.obj
 0001:00008c40       ??$copy@VNamedAllocator@shdfnd@physx@@@?$Array@USlab@NodeAllocator@Gu@physx@@VNamedAllocator@shdfnd@4@@shdfnd@physx@@IEAAXAEBV012@@Z 0000000180009c40 f i BVHStructureBuilder.obj
 0001:00008d00       ??0AABBTreeBuildNode@Gu@physx@@QEAA@AEBV012@@Z 0000000180009d00 f i BVHStructureBuilder.obj
 0001:00008d40       ??0AABBTreeBuildNode@Gu@physx@@QEAA@XZ 0000000180009d40 f i BVHStructureBuilder.obj
 0001:00008d50       ??0AABBTreeBuildParams@Gu@physx@@QEAA@IIPEBVPxBounds3@2@@Z 0000000180009d50 f i BVHStructureBuilder.obj
 0001:00008d70       ??0BuildStats@Gu@physx@@QEAA@XZ 0000000180009d70 f i BVHStructureBuilder.obj
 0001:00008d80       ??0NodeAllocator@Gu@physx@@QEAA@AEBV012@@Z 0000000180009d80 f i BVHStructureBuilder.obj
 0001:00008df0       ??1AABBTreeBuildNode@Gu@physx@@QEAA@XZ 0000000180009df0 f i BVHStructureBuilder.obj
 0001:00008e00       ??1AABBTreeBuildParams@Gu@physx@@QEAA@XZ 0000000180009e00 f i BVHStructureBuilder.obj
 0001:00008e60       ??4AABBTreeBuildNode@Gu@physx@@QEAAAEAV012@AEBV012@@Z 0000000180009e60 f i BVHStructureBuilder.obj
 0001:00008ea0       ??4AABBTreeBuildParams@Gu@physx@@QEAAAEAV012@AEBV012@@Z 0000000180009ea0 f i BVHStructureBuilder.obj
 0001:00008ec0       ??4BuildStats@Gu@physx@@QEAAAEAU012@$$QEAU012@@Z 0000000180009ec0 f i BVHStructureBuilder.obj
 0001:00008ed0       ??4BuildStats@Gu@physx@@QEAAAEAU012@AEBU012@@Z 0000000180009ed0 f i BVHStructureBuilder.obj
 0001:00008ee0       ??4NodeAllocator@Gu@physx@@QEAAAEAV012@AEBV012@@Z 0000000180009ee0 f i BVHStructureBuilder.obj
 0001:00008f90       ??_FAABBTreeBuildParams@Gu@physx@@QEAAXXZ 0000000180009f90 f i BVHStructureBuilder.obj
 0001:00008fb0       ?__global_array_delete@@YAXPEAX@Z 0000000180009fb0 f i BVHStructureBuilder.obj
 0001:00008fc0       ?__global_array_delete@@YAXPEAX_K@Z 0000000180009fc0 f i BVHStructureBuilder.obj
 0001:00008fd0       ?__global_delete@@YAXPEAX@Z 0000000180009fd0 f i BVHStructureBuilder.obj
 0001:00008fe0       ?__global_delete@@YAXPEAX_K@Z 0000000180009fe0 f i BVHStructureBuilder.obj
 0001:00008ff0       ?getAABB@AABBTreeBuildNode@Gu@physx@@QEBAAEBVPxBounds3@3@XZ 0000000180009ff0 f i BVHStructureBuilder.obj
 0001:00009000       ?getCount@BuildStats@Gu@physx@@QEBAIXZ 000000018000a000 f i BVHStructureBuilder.obj
 0001:00009010       ?getNbPrimitives@AABBTreeBuildNode@Gu@physx@@QEBAIXZ 000000018000a010 f i BVHStructureBuilder.obj
 0001:00009020       ?getNbRuntimePrimitives@AABBTreeBuildNode@Gu@physx@@QEBAIXZ 000000018000a020 f i BVHStructureBuilder.obj
 0001:00009030       ?getNeg@AABBTreeBuildNode@Gu@physx@@QEBAPEBV123@XZ 000000018000a030 f i BVHStructureBuilder.obj
 0001:00009050       ?getPos@AABBTreeBuildNode@Gu@physx@@QEBAPEBV123@XZ 000000018000a050 f i BVHStructureBuilder.obj
 0001:00009060       ?getPrimitives@AABBTreeBuildNode@Gu@physx@@QEAAPEAIPEAI@Z 000000018000a060 f i BVHStructureBuilder.obj
 0001:00009070       ?getPrimitives@AABBTreeBuildNode@Gu@physx@@QEBAPEBIPEBI@Z 000000018000a070 f i BVHStructureBuilder.obj
 0001:00009080       ?increaseCount@BuildStats@Gu@physx@@QEAAXI@Z 000000018000a080 f i BVHStructureBuilder.obj
 0001:00009090       ?isLeaf@AABBTreeBuildNode@Gu@physx@@QEBA_NXZ 000000018000a090 f i BVHStructureBuilder.obj
 0001:000090a0       ?recreate@?$Array@USlab@NodeAllocator@Gu@physx@@VNamedAllocator@shdfnd@4@@shdfnd@physx@@IEAAXI@Z 000000018000a0a0 f i BVHStructureBuilder.obj
 0001:00009170       ?reset@AABBTreeBuildParams@Gu@physx@@QEAAXXZ 000000018000a170 f i BVHStructureBuilder.obj
 0001:000091d0       ?reset@BuildStats@Gu@physx@@QEAAXXZ 000000018000a1d0 f i BVHStructureBuilder.obj
 0001:000091e0       ?setCount@BuildStats@Gu@physx@@QEAAXI@Z 000000018000a1e0 f i BVHStructureBuilder.obj
 0001:000091f0       ?setNbRunTimePrimitives@AABBTreeBuildNode@Gu@physx@@QEAAXI@Z 000000018000a1f0 f i BVHStructureBuilder.obj
 0001:00009200       ?saveHeightField@physx@@YA_NAEBVHeightField@Gu@1@AEAVPxOutputStream@1@_N@Z 000000018000a200 f   HeightFieldCooking.obj
 0001:00009440       ?buildFromTriangles@RTreeCooker@physx@@SAXAEAURTree@Gu@2@PEBVPxVec3@2@IPEBGPEBIIAEAV?$Array@IVNamedAllocator@shdfnd@physx@@@shdfnd@2@PEAURemapCallback@12@MW4Enum@PxMeshCookingHint@2@@Z 000000018000a440 f   RTreeCooking.obj
 0001:00009710       ??$partition@UBoundsLTE@physx@@@quickSelect@physx@@YAIPEIAIIIIAEBUBoundsLTE@1@@Z 000000018000a710 f i RTreeCooking.obj
 0001:000098b0       ??$quickSelectFirstK@UBoundsLTE@physx@@@quickSelect@physx@@YAXPEIAIIIIAEBUBoundsLTE@1@@Z 000000018000a8b0 f i RTreeCooking.obj
 0001:00009aa0       ??$smallSort@I$$CBUSortBoundsPredicate@physx@@@internal@shdfnd@physx@@YAXPEAIHHAEBUSortBoundsPredicate@2@@Z 000000018000aaa0 f i RTreeCooking.obj
 0001:00009d70       ??$sort@I@shdfnd@physx@@YAXPEAII@Z 000000018000ad70 f i RTreeCooking.obj
 0001:00009dc0       ??$sort@IU?$Less@I@shdfnd@physx@@VNamedAllocator@23@@shdfnd@physx@@YAXPEAIIAEBU?$Less@I@01@AEBVNamedAllocator@01@I@Z 000000018000adc0 f i RTreeCooking.obj
 0001:0000a150       ??$sort@IUSortBoundsPredicate@physx@@@shdfnd@physx@@YAXPEAIIAEBUSortBoundsPredicate@1@@Z 000000018000b150 f i RTreeCooking.obj
 0001:0000a1b0       ??$sort@IUSortBoundsPredicate@physx@@VNamedAllocator@shdfnd@2@@shdfnd@physx@@YAXPEAIIAEBUSortBoundsPredicate@1@AEBVNamedAllocator@01@I@Z 000000018000b1b0 f i RTreeCooking.obj
 0001:0000a600       ??0?$InlineArray@UInterval@physx@@$0EAA@VNamedAllocator@shdfnd@2@@shdfnd@physx@@QEAA@AEBVNamedAllocator@12@@Z 000000018000b600 f i RTreeCooking.obj
 0001:0000a6f0       ?allocate@?$Array@UInterval@physx@@V?$InlineAllocator@$0CAAA@VNamedAllocator@shdfnd@physx@@@shdfnd@2@@shdfnd@physx@@IEAAPEAUInterval@3@I@Z 000000018000b6f0 f i RTreeCooking.obj
 0001:0000b510       ?copy@?$Array@URTreeNodeNQ@physx@@VNamedAllocator@shdfnd@2@@shdfnd@physx@@KAXPEAURTreeNodeNQ@3@0PEBU43@@Z 000000018000c510 f i RTreeCooking.obj
 0001:0000b6d0       ?copy@?$Array@VPxVec3@physx@@VNamedAllocator@shdfnd@2@@shdfnd@physx@@KAXPEAVPxVec3@3@0PEBV43@@Z 000000018000c6d0 f i RTreeCooking.obj
 0001:0000b7a0       ?growAndPushBack@?$Array@IVNamedAllocator@shdfnd@physx@@@shdfnd@physx@@IEAAAEAIAEBI@Z 000000018000c7a0 f i RTreeCooking.obj
 0001:0000b890       ?growAndPushBack@?$Array@UInterval@physx@@V?$InlineAllocator@$0CAAA@VNamedAllocator@shdfnd@physx@@@shdfnd@2@@shdfnd@physx@@IEAAAEAUInterval@3@AEBU43@@Z 000000018000c890 f i RTreeCooking.obj
 0001:0000b990       ?growAndPushBack@?$Array@UPxBounds3V@physx@@VNamedAllocator@shdfnd@2@@shdfnd@physx@@IEAAAEAUPxBounds3V@3@AEBU43@@Z 000000018000c990 f i RTreeCooking.obj
 0001:0000ba90       ?growAndPushBack@?$Array@URTreeNodeNQ@physx@@VNamedAllocator@shdfnd@2@@shdfnd@physx@@IEAAAEAURTreeNodeNQ@3@AEBU43@@Z 000000018000ca90 f i RTreeCooking.obj
 0001:0000bb90       ?growAndPushBack@?$Array@URTreeNodeQ@Gu@physx@@VNamedAllocator@shdfnd@3@@shdfnd@physx@@IEAAAEAURTreeNodeQ@Gu@3@AEBU453@@Z 000000018000cb90 f i RTreeCooking.obj
 0001:0000bc90       ?recreate@?$Array@IVNamedAllocator@shdfnd@physx@@@shdfnd@physx@@IEAAXI@Z 000000018000cc90 f i RTreeCooking.obj
 0001:0000bd70       ?recreate@?$Array@UPxBounds3V@physx@@VNamedAllocator@shdfnd@2@@shdfnd@physx@@IEAAXI@Z 000000018000cd70 f i RTreeCooking.obj
 0001:0000be40       ?recreate@?$Array@URTreeNodeNQ@physx@@VNamedAllocator@shdfnd@2@@shdfnd@physx@@IEAAXI@Z 000000018000ce40 f i RTreeCooking.obj
 0001:0000bee0       ?recreate@?$Array@URTreeNodeQ@Gu@physx@@VNamedAllocator@shdfnd@3@@shdfnd@physx@@IEAAXI@Z 000000018000cee0 f i RTreeCooking.obj
 0001:0000bfc0       ?recreate@?$Array@VPxVec3@physx@@VNamedAllocator@shdfnd@2@@shdfnd@physx@@IEAAXI@Z 000000018000cfc0 f i RTreeCooking.obj
 0001:0000c060       ?resize@?$Array@IVNamedAllocator@shdfnd@physx@@@shdfnd@physx@@QEAAXIAEBI@Z 000000018000d060 f i RTreeCooking.obj
 0001:0000c140       ?resizeUninitialized@?$Array@URTreeNodeNQ@physx@@VNamedAllocator@shdfnd@2@@shdfnd@physx@@QEAAXI@Z 000000018000d140 f i RTreeCooking.obj
 0001:0000c180       ?sort4@SubSortQuick@physx@@QEAAXPEIAIIAEAV?$Array@URTreeNodeNQ@physx@@VNamedAllocator@shdfnd@2@@shdfnd@2@AEAIAEAUPxBounds3V@2@I@Z 000000018000d180 f i RTreeCooking.obj
 0001:0000c510       ?sort4@SubSortSAH@physx@@QEAAXPEAIIAEAV?$Array@URTreeNodeNQ@physx@@VNamedAllocator@shdfnd@2@@shdfnd@2@AEAIIPEAURTreeNodeNQ@2@@Z 000000018000d510 f i RTreeCooking.obj
 0001:0000cc20       ?split@SubSortSAH@physx@@QEAAIPEAII@Z 000000018000dc20 f i RTreeCooking.obj
 0001:0000d3c0       ?computeLocalBounds@MeshBulider@physx@@IEAAXAEAVMeshDataBase@Gu@2@@Z 000000018000e3c0 f   MeshBuilder.obj
 0001:0000d450       ??0TriangleMeshBuilder@physx@@QEAA@AEAVTriangleMeshData@Gu@1@AEBUPxCookingParams@1@@Z 000000018000e450 f   TriangleMeshBuilder.obj
 0001:0000d480       ??1TriangleMeshBuilder@physx@@UEAA@XZ 000000018000e480 f   TriangleMeshBuilder.obj
 0001:0000d4f0       ?cleanMesh@TriangleMeshBuilder@physx@@QEAA_N_NPEAW4Enum@PxTriangleMeshCookingResult@2@@Z 000000018000e4f0 f   TriangleMeshBuilder.obj
 0001:0000d9b0       ?remapTopology@TriangleMeshBuilder@physx@@QEAAXPEBI@Z 000000018000e9b0 f   TriangleMeshBuilder.obj
 0001:0000dcb0       ?createSharedEdgeData@TriangleMeshBuilder@physx@@QEAAX_N0@Z 000000018000ecb0 f   TriangleMeshBuilder.obj
 0001:0000e120       ?recordTriangleIndices@TriangleMeshBuilder@physx@@QEAAXXZ 000000018000f120 f   TriangleMeshBuilder.obj
 0001:0000e1c0       ?createGRBMidPhaseAndData@TriangleMeshBuilder@physx@@QEAAXI@Z 000000018000f1c0 f   TriangleMeshBuilder.obj
 0001:0000e550       ?createGRBData@TriangleMeshBuilder@physx@@QEAAXXZ 000000018000f550 f   TriangleMeshBuilder.obj
 0001:0000e630       ?loadFromDesc@TriangleMeshBuilder@physx@@QEAA_NAEBVPxTriangleMeshDesc@2@PEAW4Enum@PxTriangleMeshCookingResult@2@_N@Z 000000018000f630 f   TriangleMeshBuilder.obj
 0001:0000ea10       ?save@TriangleMeshBuilder@physx@@QEBA_NAEAVPxOutputStream@2@_NAEBUPxCookingParams@2@@Z 000000018000fa10 f   TriangleMeshBuilder.obj
 0001:0000efe0       ?checkMeshIndicesSize@TriangleMeshBuilder@physx@@QEAAXXZ 000000018000ffe0 f   TriangleMeshBuilder.obj
 0001:0000f0f0       ?importMesh@TriangleMeshBuilder@physx@@IEAA_NAEBVPxTriangleMeshDesc@2@AEBUPxCookingParams@2@PEAW4Enum@PxTriangleMeshCookingResult@2@_N@Z 00000001800100f0 f   TriangleMeshBuilder.obj
 0001:0000f490       ?releaseEdgeList@TriangleMeshBuilder@physx@@IEAAXXZ 0000000180010490 f   TriangleMeshBuilder.obj
 0001:0000f4f0       ?createEdgeList@TriangleMeshBuilder@physx@@IEAAXXZ 00000001800104f0 f   TriangleMeshBuilder.obj
 0001:0000f610       ??0RTreeTriangleMeshBuilder@physx@@QEAA@AEBUPxCookingParams@1@@Z 0000000180010610 f   TriangleMeshBuilder.obj
 0001:0000f6d0       ??1RTreeTriangleMeshBuilder@physx@@UEAA@XZ 00000001800106d0 f   TriangleMeshBuilder.obj
 0001:0000f700       ?createMidPhaseStructure@RTreeTriangleMeshBuilder@physx@@UEAAXXZ 0000000180010700 f   TriangleMeshBuilder.obj
 0001:0000f830       ?saveMidPhaseStructure@RTreeTriangleMeshBuilder@physx@@UEBAXAEAVPxOutputStream@2@_N@Z 0000000180010830 f   TriangleMeshBuilder.obj
 0001:0000fa70       ??0BV4TriangleMeshBuilder@physx@@QEAA@AEBUPxCookingParams@1@@Z 0000000180010a70 f   TriangleMeshBuilder.obj
 0001:0000fb40       ??1BV4TriangleMeshBuilder@physx@@UEAA@XZ 0000000180010b40 f   TriangleMeshBuilder.obj
 0001:0000fba0       ?createMidPhaseStructure@BV4TriangleMeshBuilder@physx@@UEAAXXZ 0000000180010ba0 f   TriangleMeshBuilder.obj
 0001:0000fe70       ?saveMidPhaseStructure@BV4TriangleMeshBuilder@physx@@UEBAXAEAVPxOutputStream@2@_N@Z 0000000180010e70 f   TriangleMeshBuilder.obj
 0001:00010010       ?onMeshIndexFormatChange@BV4TriangleMeshBuilder@physx@@UEAAXXZ 0000000180011010 f   TriangleMeshBuilder.obj
 0001:00010050       ?createMidPhaseStructure@BV32TriangleMeshBuilder@physx@@SAXAEBUPxCookingParams@2@AEAVTriangleMeshData@Gu@2@AEAVBV32Tree@52@@Z 0000000180011050 f   TriangleMeshBuilder.obj
 0001:000101d0       ?saveMidPhaseStructure@BV32TriangleMeshBuilder@physx@@SAXPEAVBV32Tree@Gu@2@AEAVPxOutputStream@2@_N@Z 00000001800111d0 f   TriangleMeshBuilder.obj
 0001:00010370       ?findSharpVertices@GrbTrimeshCookerHelper@physx@@YAXAEAV?$Array@USortedNeighbor@GrbTrimeshCookerHelper@physx@@VNamedAllocator@shdfnd@3@@shdfnd@2@AEAV?$Array@USharpEdgeRange@GrbTrimeshCookerHelper@physx@@VNamedAllocator@shdfnd@3@@42@PEBUuint3@2@PEBUuint4@2@II@Z 0000000180011370 f   TriangleMeshBuilder.obj
 0001:00010730       ?buildVertexConnectionNew_p1@GrbTrimeshCookerHelper@physx@@YAIAEAV?$Array@USortedNeighbor@GrbTrimeshCookerHelper@physx@@VNamedAllocator@shdfnd@3@@shdfnd@2@AEAV?$Array@USharpEdgeRange@GrbTrimeshCookerHelper@physx@@VNamedAllocator@shdfnd@3@@42@PEBUuint3@2@PEBUuint4@2@II@Z 0000000180011730 f   TriangleMeshBuilder.obj
 0001:000108e0       ?buildVertexConnectionNew_p2@GrbTrimeshCookerHelper@physx@@YAXPEAI00AEAV?$Array@USortedNeighbor@GrbTrimeshCookerHelper@physx@@VNamedAllocator@shdfnd@3@@shdfnd@2@AEAV?$Array@USharpEdgeRange@GrbTrimeshCookerHelper@physx@@VNamedAllocator@shdfnd@3@@42@I@Z 00000001800118e0 f   TriangleMeshBuilder.obj
 0001:00010990       ??$?_UG@@YAPEAX_KV?$ReflectionAllocator@G@shdfnd@physx@@PEBDH@Z 0000000180011990 f i TriangleMeshBuilder.obj
 0001:00010a30       ??$median3@USortedNeighbor@GrbTrimeshCookerHelper@physx@@$$CBU?$Less@USortedNeighbor@GrbTrimeshCookerHelper@physx@@@shdfnd@3@@internal@shdfnd@physx@@YAXPEAUSortedNeighbor@GrbTrimeshCookerHelper@2@HHAEBU?$Less@USortedNeighbor@GrbTrimeshCookerHelper@physx@@@12@@Z 0000000180011a30 f i TriangleMeshBuilder.obj
 0001:00010b60       ??$sort@UEdgeTriLookup@physx@@@shdfnd@physx@@YAXPEAUEdgeTriLookup@1@I@Z 0000000180011b60 f i TriangleMeshBuilder.obj
 0001:00010bb0       ??$sort@UEdgeTriLookup@physx@@U?$Less@UEdgeTriLookup@physx@@@shdfnd@2@VNamedAllocator@42@@shdfnd@physx@@YAXPEAUEdgeTriLookup@1@IAEBU?$Less@UEdgeTriLookup@physx@@@01@AEBVNamedAllocator@01@I@Z 0000000180011bb0 f i TriangleMeshBuilder.obj
 0001:00011090       ??$sort@USortedNeighbor@GrbTrimeshCookerHelper@physx@@@shdfnd@physx@@YAXPEAUSortedNeighbor@GrbTrimeshCookerHelper@1@I@Z 0000000180012090 f i TriangleMeshBuilder.obj
 0001:000110e0       ??$sort@USortedNeighbor@GrbTrimeshCookerHelper@physx@@U?$Less@USortedNeighbor@GrbTrimeshCookerHelper@physx@@@shdfnd@3@VNamedAllocator@53@@shdfnd@physx@@YAXPEAUSortedNeighbor@GrbTrimeshCookerHelper@1@IAEBU?$Less@USortedNeighbor@GrbTrimeshCookerHelper@physx@@@01@AEBVNamedAllocator@01@I@Z 00000001800120e0 f i TriangleMeshBuilder.obj
 0001:00011540       ??0PxVec4@physx@@QEAA@XZ   0000000180012540 f i TriangleMeshBuilder.obj
 0001:00011550       ??1BV4TriangleData@Gu@physx@@UEAA@XZ 0000000180012550 f i TriangleMeshBuilder.obj
 0001:00011590       ??1MeshDataBase@Gu@physx@@UEAA@XZ 0000000180012590 f i TriangleMeshBuilder.obj
 0001:00011670       ??1RTreeTriangleData@Gu@physx@@UEAA@XZ 0000000180012670 f i TriangleMeshBuilder.obj
 0001:000116e0       ??1RemapCallback@RTreeCooker@physx@@UEAA@XZ 00000001800126e0 f i TriangleMeshBuilder.obj
 0001:000116f0       ??1TriangleMeshData@Gu@physx@@UEAA@XZ 00000001800126f0 f i TriangleMeshBuilder.obj
 0001:000117c0       ??_EBV4TriangleData@Gu@physx@@UEAAPEAXI@Z 00000001800127c0 f i TriangleMeshBuilder.obj
 0001:000117c0       ??_GBV4TriangleData@Gu@physx@@UEAAPEAXI@Z 00000001800127c0 f i TriangleMeshBuilder.obj
 0001:00011840       ??_GBV4TriangleMeshBuilder@physx@@UEAAPEAXI@Z 0000000180012840 f i TriangleMeshBuilder.obj
 0001:00011840       ??_EBV4TriangleMeshBuilder@physx@@UEAAPEAXI@Z 0000000180012840 f i TriangleMeshBuilder.obj
 0001:000118c0       ??_EMeshDataBase@Gu@physx@@UEAAPEAXI@Z 00000001800128c0 f i TriangleMeshBuilder.obj
 0001:000118c0       ??_GMeshDataBase@Gu@physx@@UEAAPEAXI@Z 00000001800128c0 f i TriangleMeshBuilder.obj
 0001:00011920       ??_ERTreeCookerRemap@physx@@UEAAPEAXI@Z 0000000180012920 f i TriangleMeshBuilder.obj
 0001:00011920       ??_GRTreeCookerRemap@physx@@UEAAPEAXI@Z 0000000180012920 f i TriangleMeshBuilder.obj
 0001:00011950       ??_GRTreeTriangleData@Gu@physx@@UEAAPEAXI@Z 0000000180012950 f i TriangleMeshBuilder.obj
 0001:00011950       ??_ERTreeTriangleData@Gu@physx@@UEAAPEAXI@Z 0000000180012950 f i TriangleMeshBuilder.obj
 0001:000119b0       ??_GRTreeTriangleMeshBuilder@physx@@UEAAPEAXI@Z 00000001800129b0 f i TriangleMeshBuilder.obj
 0001:000119b0       ??_ERTreeTriangleMeshBuilder@physx@@UEAAPEAXI@Z 00000001800129b0 f i TriangleMeshBuilder.obj
 0001:00011a00       ??_ERemapCallback@RTreeCooker@physx@@UEAAPEAXI@Z 0000000180012a00 f i TriangleMeshBuilder.obj
 0001:00011a00       ??_GRemapCallback@RTreeCooker@physx@@UEAAPEAXI@Z 0000000180012a00 f i TriangleMeshBuilder.obj
 0001:00011a30       ??_ETriangleMeshBuilder@physx@@UEAAPEAXI@Z 0000000180012a30 f i TriangleMeshBuilder.obj
 0001:00011a30       ??_GTriangleMeshBuilder@physx@@UEAAPEAXI@Z 0000000180012a30 f i TriangleMeshBuilder.obj
 0001:00011a70       ??_GTriangleMeshData@Gu@physx@@UEAAPEAXI@Z 0000000180012a70 f i TriangleMeshBuilder.obj
 0001:00011a70       ??_ETriangleMeshData@Gu@physx@@UEAAPEAXI@Z 0000000180012a70 f i TriangleMeshBuilder.obj
 0001:00011ad0       ?allocateTriangles@TriangleMeshData@Gu@physx@@QEAAPEAXI_NI@Z 0000000180012ad0 f i TriangleMeshBuilder.obj
 0001:00011ba0       ?allocateVertices@MeshDataBase@Gu@physx@@QEAAPEAVPxVec3@3@I@Z 0000000180012ba0 f i TriangleMeshBuilder.obj
 0001:00012280       ?getMidphaseID@BV4TriangleMeshBuilder@physx@@UEBA?AW4Enum@PxMeshMidPhase@2@XZ 0000000180013280 f i TriangleMeshBuilder.obj
 0001:00012290       ?getMidphaseID@RTreeTriangleMeshBuilder@physx@@UEBA?AW4Enum@PxMeshMidPhase@2@XZ 0000000180013290 f i TriangleMeshBuilder.obj
 0001:000122a0       ?growAndPushBack@?$Array@USortedNeighbor@GrbTrimeshCookerHelper@physx@@VNamedAllocator@shdfnd@3@@shdfnd@physx@@IEAAAEAUSortedNeighbor@GrbTrimeshCookerHelper@3@AEBU453@@Z 00000001800132a0 f i TriangleMeshBuilder.obj
 0001:000123a0       ?onMeshIndexFormatChange@TriangleMeshBuilder@physx@@UEAAXXZ 00000001800133a0 f i TriangleMeshBuilder.obj
 0001:000123b0       ?recreate@?$Array@USharpEdgeRange@GrbTrimeshCookerHelper@physx@@VNamedAllocator@shdfnd@3@@shdfnd@physx@@IEAAXI@Z 00000001800133b0 f i TriangleMeshBuilder.obj
 0001:00012490       ?recreate@?$Array@USortedNeighbor@GrbTrimeshCookerHelper@physx@@VNamedAllocator@shdfnd@3@@shdfnd@physx@@IEAAXI@Z 0000000180013490 f i TriangleMeshBuilder.obj
 0001:00012570       ?remap@RTreeCookerRemap@physx@@UEAAXPEAIII@Z 0000000180013570 f i TriangleMeshBuilder.obj
 0001:00012590       ?resize@?$Array@USharpEdgeRange@GrbTrimeshCookerHelper@physx@@VNamedAllocator@shdfnd@3@@shdfnd@physx@@QEAAXIAEBUSharpEdgeRange@GrbTrimeshCookerHelper@3@@Z 0000000180013590 f i TriangleMeshBuilder.obj
 0001:00012670       ?resizeUninitialized@?$Array@USortedNeighbor@GrbTrimeshCookerHelper@physx@@VNamedAllocator@shdfnd@3@@shdfnd@physx@@QEAAXI@Z 0000000180013670 f i TriangleMeshBuilder.obj
 0001:000126b0       ??0BigConvexDataBuilder@physx@@QEAA@PEBUConvexHullData@Gu@1@PEAVBigConvexData@1@PEBVPxVec3@1@@Z 00000001800136b0 f   BigConvexDataBuilder.obj
 0001:000126d0       ??1BigConvexDataBuilder@physx@@QEAA@XZ 00000001800136d0 f   BigConvexDataBuilder.obj
 0001:000126e0       ?precompute@BigConvexDataBuilder@physx@@QEAA_NI@Z 00000001800136e0 f   BigConvexDataBuilder.obj
 0001:00013330       ?initialize@BigConvexDataBuilder@physx@@QEAA_NXZ 0000000180014330 f   BigConvexDataBuilder.obj
 0001:000133e0       ?save@BigConvexDataBuilder@physx@@QEBA_NAEAVPxOutputStream@2@_N@Z 00000001800143e0 f   BigConvexDataBuilder.obj
 0001:00013620       ?computeValencies@BigConvexDataBuilder@physx@@QEAA_NAEBVConvexHullBuilder@2@@Z 0000000180014620 f   BigConvexDataBuilder.obj
 0001:00013a10       ?saveValencies@BigConvexDataBuilder@physx@@QEBA_NAEAVPxOutputStream@2@_N@Z 0000000180014a10 f   BigConvexDataBuilder.obj
 0001:00013bc0       ??0BigConvexData@physx@@QEAA@W4PxEMPTY@1@@Z 0000000180014bc0 f i BigConvexDataBuilder.obj
 0001:00013bd0       ??4BigConvexData@physx@@QEAAAEAV01@AEBV01@@Z 0000000180014bd0 f i BigConvexDataBuilder.obj
 0001:00013bf0       ?GetAdjacentVerts@BigConvexData@physx@@QEBAPEBEXZ 0000000180014bf0 f i BigConvexDataBuilder.obj
 0001:00013c00       ?GetNbNeighbors@BigConvexData@physx@@QEBAGI@Z 0000000180014c00 f i BigConvexDataBuilder.obj
 0001:00013c10       ?GetNbSamples@BigConvexData@physx@@QEBAIXZ 0000000180014c10 f i BigConvexDataBuilder.obj
 0001:00013c20       ?GetNbVerts@BigConvexData@physx@@QEBAIXZ 0000000180014c20 f i BigConvexDataBuilder.obj
 0001:00013c30       ?GetNeighbors@BigConvexData@physx@@QEBAPEBEI@Z 0000000180014c30 f i BigConvexDataBuilder.obj
 0001:00013c40       ?GetOffset@BigConvexData@physx@@QEBAGI@Z 0000000180014c40 f i BigConvexDataBuilder.obj
 0001:00013c50       ?GetSubdiv@BigConvexData@physx@@QEBAIXZ 0000000180014c50 f i BigConvexDataBuilder.obj
 0001:00013c60       ?GetValencies@BigConvexData@physx@@QEBAPEBUValency@Gu@2@XZ 0000000180014c60 f i BigConvexDataBuilder.obj
 0001:00013c70       ?GetValency@BigConvexData@physx@@QEBAGI@Z 0000000180014c70 f i BigConvexDataBuilder.obj
 0001:00013c80       ??0ConvexHullBuilder@physx@@QEAA@PEAUConvexHullData@Gu@1@_N@Z 0000000180014c80 f   ConvexHullBuilder.obj
 0001:00013cb0       ??1ConvexHullBuilder@physx@@QEAA@XZ 0000000180014cb0 f   ConvexHullBuilder.obj
 0001:00013dc0       ?init@ConvexHullBuilder@physx@@QEAA_NIPEBVPxVec3@2@PEBIIIPEBUPxHullPolygon@2@_NPEAVConvexHullLib@2@@Z 0000000180014dc0 f   ConvexHullBuilder.obj
 0001:00014190       ?save@ConvexHullBuilder@physx@@QEBA_NAEAVPxOutputStream@2@_N@Z 0000000180015190 f   ConvexHullBuilder.obj
 0001:000144d0       ?copy@ConvexHullBuilder@physx@@QEAA_NAEAUConvexHullData@Gu@2@AEAI@Z 00000001800154d0 f   ConvexHullBuilder.obj
 0001:00014730       ?createEdgeList@ConvexHullBuilder@physx@@QEAA_N_NI@Z 0000000180015730 f   ConvexHullBuilder.obj
 0001:00014fb0       ?checkHullPolygons@ConvexHullBuilder@physx@@QEBA_NXZ 0000000180015fb0 f   ConvexHullBuilder.obj
 0001:00015590       ?calculateVertexMapTable@ConvexHullBuilder@physx@@QEAA_NI_N@Z 0000000180016590 f   ConvexHullBuilder.obj
 0001:000157a0       ?computeGeomCenter@ConvexHullBuilder@physx@@IEBA_NAEAVPxVec3@2@IPEAUHullTriangleData@2@@Z 00000001800167a0 f   ConvexHullBuilder.obj
 0001:00015a60       ??$?_UE@@YAPEAX_KV?$ReflectionAllocator@E@shdfnd@physx@@PEBDH@Z 0000000180016a60 f i ConvexHullBuilder.obj
 0001:00015b00       ??1ConvexHullLib@physx@@UEAA@XZ 0000000180016b00 f   ConvexHullLib.obj
 0001:00015b60       ?cleanupVertices@ConvexHullLib@physx@@IEAA_NIPEBVPxVec3@2@IAEAIPEAV32@AEAV32@3@Z 0000000180016b60 f   ConvexHullLib.obj
 0001:00015fb0       ?shiftAndcleanupVertices@ConvexHullLib@physx@@IEAA_NIPEBVPxVec3@2@IAEAIPEAV32@AEAV32@3@Z 0000000180016fb0 f   ConvexHullLib.obj
 0001:000164b0       ?swapLargestFace@ConvexHullLib@physx@@IEAAXAEAVPxConvexMeshDesc@2@@Z 00000001800174b0 f   ConvexHullLib.obj
 0001:000166a0       ?shiftConvexMeshDesc@ConvexHullLib@physx@@IEAAXAEAVPxConvexMeshDesc@2@@Z 00000001800176a0 f   ConvexHullLib.obj
 0001:00016760       ??_EConvexHullLib@physx@@UEAAPEAXI@Z 0000000180017760 f i ConvexHullLib.obj
 0001:00016760       ??_GConvexHullLib@physx@@UEAAPEAXI@Z 0000000180017760 f i ConvexHullLib.obj
 0001:00016cd0       ??0ConvexHull@physx@@QEAA@AEBVPxVec3@1@0AEBV?$Array@VPxPlane@physx@@VNamedAllocator@shdfnd@2@@shdfnd@1@@Z 0000000180017cd0 f   ConvexHullUtils.obj
 0001:00017740       ??0ConvexHull@physx@@QEAA@AEBVPxVec3@1@AEBVPxTransform@1@AEBV?$Array@VPxPlane@physx@@VNamedAllocator@shdfnd@2@@shdfnd@1@@Z 0000000180018740 f   ConvexHullUtils.obj
 0001:00018a70       ?findCandidatePlane@ConvexHull@physx@@QEBAHMM@Z 0000000180019a70 f   ConvexHullUtils.obj
 0001:00018ed0       ?assertIntact@ConvexHull@physx@@QEBA_NM@Z 0000000180019ed0 f   ConvexHullUtils.obj
 0001:000191f0       ?maxNumVertsPerFace@ConvexHull@physx@@QEBAIXZ 000000018001a1f0 f   ConvexHullUtils.obj
 0001:00019270       ?convexHullCrop@physx@@YAPEAVConvexHull@1@AEBV21@AEBVPxPlane@1@M@Z 000000018001a270 f   ConvexHullUtils.obj
 0001:0001a0f0       ?computeOBBFromConvex@physx@@YA_NAEBVPxConvexMeshDesc@1@AEAVPxVec3@1@AEAVPxTransform@1@@Z 000000018001b0f0 f   ConvexHullUtils.obj
 0001:0001a7e0       ?computeOBBSIMD@local@@YAXIPEBT__m128@@AEAT2@AEBT2@1@Z 000000018001b7e0 f   ConvexHullUtils.obj
 0001:0001aa40       ??0Box@Gu@physx@@QEAA@AEBV012@@Z 000000018001ba40 f i ConvexHullUtils.obj
 0001:0001aaa0       ??0Box@Gu@physx@@QEAA@AEBVPxVec3@2@0AEBVPxMat33@2@@Z 000000018001baa0 f i ConvexHullUtils.obj
 0001:0001ab10       ??0Box@Gu@physx@@QEAA@XZ   000000018001bb10 f i ConvexHullUtils.obj
 0001:0001ab20       ??0HalfEdge@ConvexHull@physx@@QEAA@XZ 000000018001bb20 f i ConvexHullUtils.obj
 0001:0001ab30       ??0PxPlane@physx@@QEAA@XZ  000000018001bb30 f i ConvexHullUtils.obj
 0001:0001ab40       ??0PxQuat@physx@@QEAA@AEBVPxMat33@1@@Z 000000018001bb40 f i ConvexHullUtils.obj
 0001:0001ad30       ??1Box@Gu@physx@@QEAA@XZ   000000018001bd30 f i ConvexHullUtils.obj
 0001:0001ad40       ??4Box@Gu@physx@@QEAAAEBV012@AEBV012@@Z 000000018001bd40 f i ConvexHullUtils.obj
 0001:0001ada0       ?computeAABBExtent@Box@Gu@physx@@QEBA?AVPxVec3@3@XZ 000000018001bda0 f i ConvexHullUtils.obj
 0001:0001ae60       ?computeBoxPoints@Box@Gu@physx@@QEBAXPEIAVPxVec3@3@@Z 000000018001be60 f i ConvexHullUtils.obj
 0001:0001aea0       ?copy@?$Array@VPxPlane@physx@@VNamedAllocator@shdfnd@2@@shdfnd@physx@@KAXPEAVPxPlane@3@0PEBV43@@Z 000000018001bea0 f i ConvexHullUtils.obj
 0001:0001afa0       ?getInverse@PxMat33@physx@@QEBA?BV12@XZ 000000018001bfa0 f i ConvexHullUtils.obj
 0001:0001b1f0       ?getTransform@Box@Gu@physx@@QEBA?AVPxTransform@3@XZ 000000018001c1f0 f i ConvexHullUtils.obj
 0001:0001b250       ?growAndPushBack@?$Array@VHalfEdge@ConvexHull@physx@@VNamedAllocator@shdfnd@3@@shdfnd@physx@@IEAAAEAVHalfEdge@ConvexHull@3@AEBV453@@Z 000000018001c250 f i ConvexHullUtils.obj
 0001:0001b340       ?growAndPushBack@?$Array@VPxPlane@physx@@VNamedAllocator@shdfnd@2@@shdfnd@physx@@IEAAAEAVPxPlane@3@AEBV43@@Z 000000018001c340 f i ConvexHullUtils.obj
 0001:0001b420       ?isValid@Box@Gu@physx@@QEBA_NXZ 000000018001c420 f i ConvexHullUtils.obj
 0001:0001b440       ?recreate@?$Array@VHalfEdge@ConvexHull@physx@@VNamedAllocator@shdfnd@3@@shdfnd@physx@@IEAAXI@Z 000000018001c440 f i ConvexHullUtils.obj
 0001:0001b520       ?recreate@?$Array@VPxPlane@physx@@VNamedAllocator@shdfnd@2@@shdfnd@physx@@IEAAXI@Z 000000018001c520 f i ConvexHullUtils.obj
 0001:0001b5c0       ?resize@?$Array@VHalfEdge@ConvexHull@physx@@VNamedAllocator@shdfnd@3@@shdfnd@physx@@QEAAXIAEBVHalfEdge@ConvexHull@3@@Z 000000018001c5c0 f i ConvexHullUtils.obj
 0001:0001b6a0       ?resize@?$Array@VPxPlane@physx@@VNamedAllocator@shdfnd@2@@shdfnd@physx@@QEAAXIAEBVPxPlane@3@@Z 000000018001c6a0 f i ConvexHullUtils.obj
 0001:0001b7c0       ?resize@?$Array@VPxVec3@physx@@VNamedAllocator@shdfnd@2@@shdfnd@physx@@QEAAXIAEBVPxVec3@3@@Z 000000018001c7c0 f i ConvexHullUtils.obj
 0001:0001b8b0       ?rotate@Box@Gu@physx@@QEBA?AVPxVec3@3@AEBV43@@Z 000000018001c8b0 f i ConvexHullUtils.obj
 0001:0001b940       ?rotateInv@Box@Gu@physx@@QEBA?AVPxVec3@3@AEBV43@@Z 000000018001c940 f i ConvexHullUtils.obj
 0001:0001b9d0       ?setAxes@Box@Gu@physx@@QEAAXAEBVPxVec3@3@00@Z 000000018001c9d0 f i ConvexHullUtils.obj
 0001:0001ba10       ?setEmpty@Box@Gu@physx@@QEAAXXZ 000000018001ca10 f i ConvexHullUtils.obj
 0001:0001ba50       ?transform@Box@Gu@physx@@QEBA?AVPxVec3@3@AEBV43@@Z 000000018001ca50 f i ConvexHullUtils.obj
 0001:0001baf0       ??0ConvexMeshBuilder@physx@@QEAA@_N@Z 000000018001caf0 f   ConvexMeshBuilder.obj
 0001:0001bb60       ??1ConvexMeshBuilder@physx@@QEAA@XZ 000000018001cb60 f   ConvexMeshBuilder.obj
 0001:0001bbc0       ?build@ConvexMeshBuilder@physx@@QEAA_NAEBVPxConvexMeshDesc@2@I_NPEAVConvexHullLib@2@@Z 000000018001cbc0 f   ConvexMeshBuilder.obj
 0001:0001bf10       ?save@ConvexMeshBuilder@physx@@QEBA_NAEAVPxOutputStream@2@_N@Z 000000018001cf10 f   ConvexMeshBuilder.obj
 0001:0001c130       ?copy@ConvexMeshBuilder@physx@@QEAA_NAEAUConvexHullData@Gu@2@AEAI@Z 000000018001d130 f   ConvexMeshBuilder.obj
 0001:0001c1c0       ?loadConvexHull@ConvexMeshBuilder@physx@@QEAA_NAEBVPxConvexMeshDesc@2@PEAVConvexHullLib@2@@Z 000000018001d1c0 f   ConvexMeshBuilder.obj
 0001:0001c470       ?computeHullPolygons@ConvexMeshBuilder@physx@@QEAA_NAEBIPEBVPxVec3@2@0PEBIAEAVPxAllocatorCallback@2@AEAIAEAPEAV32@4AEAPEAI4AEAPEAUPxHullPolygon@2@@Z 000000018001d470 f   ConvexMeshBuilder.obj
 0001:0001c690       ?computeGaussMaps@ConvexMeshBuilder@physx@@QEAA_NXZ 000000018001d690 f   ConvexMeshBuilder.obj
 0001:0001c7a0       ?computeMassInfo@ConvexMeshBuilder@physx@@QEAAX_N@Z 000000018001d7a0 f   ConvexMeshBuilder.obj
 0001:0001cb70       ?computeInternalObjects@ConvexMeshBuilder@physx@@QEAAXXZ 000000018001db70 f   ConvexMeshBuilder.obj
 0001:0001cff0       ?isFinite@PxVec3@physx@@QEBA_NXZ 000000018001dff0 f i ConvexMeshBuilder.obj
 0001:0001d050       ??0ConvexPolygonsBuilder@physx@@QEAA@PEAUConvexHullData@Gu@1@_N@Z 000000018001e050 f   ConvexPolygonsBuilder.obj
 0001:0001d080       ??1ConvexPolygonsBuilder@physx@@QEAA@XZ 000000018001e080 f   ConvexPolygonsBuilder.obj
 0001:0001d0d0       ?computeHullPolygons@ConvexPolygonsBuilder@physx@@QEAA_NAEBIPEBVPxVec3@2@0PEBI@Z 000000018001e0d0 f   ConvexPolygonsBuilder.obj
 0001:0001d3d0       ?createPolygonData@ConvexPolygonsBuilder@physx@@AEAA_NXZ 000000018001e3d0 f   ConvexPolygonsBuilder.obj
 0001:0001e000       ?createTrianglesFromPolygons@ConvexPolygonsBuilder@physx@@AEAA_NXZ 000000018001f000 f   ConvexPolygonsBuilder.obj
 0001:0001e920       ??$copy@VNamedAllocator@shdfnd@physx@@@?$Array@VPair@@VNamedAllocator@shdfnd@physx@@@shdfnd@physx@@IEAAXAEBV012@@Z 000000018001f920 f i ConvexPolygonsBuilder.obj
 0001:00020cb0       ?growAndPushBack@?$Array@VPair@@VNamedAllocator@shdfnd@physx@@@shdfnd@physx@@IEAAAEAVPair@@AEBV4@@Z 0000000180021cb0 f i ConvexPolygonsBuilder.obj
 0001:00020db0       ??0QuickHullConvexHullLib@physx@@QEAA@AEBVPxConvexMeshDesc@1@AEBUPxCookingParams@1@@Z 0000000180021db0 f   QuickHullConvexHullLib.obj
 0001:00020ea0       ??1QuickHullConvexHullLib@physx@@UEAA@XZ 0000000180021ea0 f   QuickHullConvexHullLib.obj
 0001:00020f70       ?createConvexHull@QuickHullConvexHullLib@physx@@UEAA?AW4Enum@PxConvexMeshCookingResult@2@XZ 0000000180021f70 f   QuickHullConvexHullLib.obj
 0001:00021510       ?fillConvexMeshDesc@QuickHullConvexHullLib@physx@@UEAAXAEAVPxConvexMeshDesc@2@@Z 0000000180022510 f   QuickHullConvexHullLib.obj
 0001:00021560       ?createEdgeList@QuickHullConvexHullLib@physx@@UEAA_NIPEBEPEAPEAEPEAPEAG2@Z 0000000180022560 f   QuickHullConvexHullLib.obj
 0001:000217a0       ?expandHullOBB@QuickHullConvexHullLib@physx@@IEAA?AW4Enum@PxConvexMeshCookingResult@2@XZ 00000001800227a0 f   QuickHullConvexHullLib.obj
 0001:00021be0       ?expandHull@QuickHullConvexHullLib@physx@@IEAA?AW4Enum@PxConvexMeshCookingResult@2@XZ 0000000180022be0 f   QuickHullConvexHullLib.obj
 0001:00022490       ?cleanupForSimplex@QuickHullConvexHullLib@physx@@IEAA_NPEAVPxVec3@2@IPEAUQuickHullVertex@local@@1AEAM2@Z 0000000180023490 f   QuickHullConvexHullLib.obj
 0001:00023010       ?fillConvexMeshDescFromQuickHull@QuickHullConvexHullLib@physx@@IEAAXAEAVPxConvexMeshDesc@2@@Z 0000000180024010 f   QuickHullConvexHullLib.obj
 0001:000233a0       ?fillConvexMeshDescFromCroppedHull@QuickHullConvexHullLib@physx@@IEAAXAEAVPxConvexMeshDesc@2@@Z 00000001800243a0 f   QuickHullConvexHullLib.obj
 0001:000235a0       ?getOppositeFaceDistance@QuickHullHalfEdge@local@@QEBAMXZ 00000001800245a0 f   QuickHullConvexHullLib.obj
 0001:000235e0       ?mergeAdjacentFace@QuickHullFace@local@@QEAA_NPEAUQuickHullHalfEdge@2@AEAV?$Array@PEAUQuickHullFace@local@@VNamedAllocator@shdfnd@physx@@@shdfnd@physx@@@Z 00000001800245e0 f   QuickHullConvexHullLib.obj
 0001:00023a30       ?checkFaceConsistency@QuickHullFace@local@@QEAA_NXZ 0000000180024a30 f   QuickHullConvexHullLib.obj
 0001:00023a40       ?connectHalfEdges@QuickHullFace@local@@AEAAPEAU12@PEAUQuickHullHalfEdge@2@0@Z 0000000180024a40 f   QuickHullConvexHullLib.obj
 0001:00023db0       ??0QuickHull@local@@QEAA@AEBUPxCookingParams@physx@@AEBVPxConvexMeshDesc@3@@Z 0000000180024db0 f   QuickHullConvexHullLib.obj
 0001:00023fb0       ??1QuickHull@local@@QEAA@XZ 0000000180024fb0 f   QuickHullConvexHullLib.obj
 0001:00024100       ?preallocate@QuickHull@local@@QEAAXI@Z 0000000180025100 f   QuickHullConvexHullLib.obj
 0001:00024250       ?parseInputVertices@QuickHull@local@@QEAAXPEBVPxVec3@physx@@I@Z 0000000180025250 f   QuickHullConvexHullLib.obj
 0001:000243c0       ?releaseHull@QuickHull@local@@QEAAXXZ 00000001800253c0 f   QuickHullConvexHullLib.obj
 0001:00024420       ?setPrecomputedMinMax@QuickHull@local@@QEAAXPEBUQuickHullVertex@2@0MM@Z 0000000180025420 f   QuickHullConvexHullLib.obj
 0001:000245b0       ?buildHull@QuickHull@local@@QEAA?AW4Enum@QuickHullResult@2@XZ 00000001800255b0 f   QuickHullConvexHullLib.obj
 0001:00024810       ?maxNumVertsPerFace@QuickHull@local@@QEBAIXZ 0000000180025810 f   QuickHullConvexHullLib.obj
 0001:00024850       ?computeMinMaxVerts@QuickHull@local@@IEAAXXZ 0000000180025850 f   QuickHullConvexHullLib.obj
 0001:00024c30       ?findSimplex@QuickHull@local@@IEAA_NXZ 0000000180025c30 f   QuickHullConvexHullLib.obj
 0001:000258b0       ?addSimplex@QuickHull@local@@IEAAXPEAUQuickHullVertex@2@_N@Z 00000001800268b0 f   QuickHullConvexHullLib.obj
 0001:00025d80       ?nextPointToAdd@QuickHull@local@@IEAAPEAUQuickHullVertex@2@AEAPEAUQuickHullFace@2@@Z 0000000180026d80 f   QuickHullConvexHullLib.obj
 0001:00025ee0       ?addPointToHull@QuickHull@local@@IEAA_NPEBUQuickHullVertex@2@AEAUQuickHullFace@2@AEA_N@Z 0000000180026ee0 f   QuickHullConvexHullLib.obj
 0001:000262d0       ?createTriangle@QuickHull@local@@IEAAPEAUQuickHullFace@2@AEBUQuickHullVertex@2@00@Z 00000001800272d0 f   QuickHullConvexHullLib.obj
 0001:00026680       ?addPointToFace@QuickHull@local@@IEAAXAEAUQuickHullFace@2@PEAUQuickHullVertex@2@M@Z 0000000180027680 f   QuickHullConvexHullLib.obj
 0001:000266d0       ?removeEyePointFromFace@QuickHull@local@@IEAAXAEAUQuickHullFace@2@PEBUQuickHullVertex@2@@Z 00000001800276d0 f   QuickHullConvexHullLib.obj
 0001:000266f0       ?calculateHorizon@QuickHull@local@@IEAAXAEBVPxVec3@physx@@PEAUQuickHullHalfEdge@2@AEAUQuickHullFace@2@AEAV?$Array@PEAUQuickHullHalfEdge@local@@VNamedAllocator@shdfnd@physx@@@shdfnd@4@AEAV?$Array@PEAUQuickHullFace@local@@VNamedAllocator@shdfnd@physx@@@84@@Z 00000001800276f0 f   QuickHullConvexHullLib.obj
 0001:000268a0       ?addNewFacesFromHorizon@QuickHull@local@@IEAAXPEBUQuickHullVertex@2@AEBV?$Array@PEAUQuickHullHalfEdge@local@@VNamedAllocator@shdfnd@physx@@@shdfnd@physx@@AEAV?$Array@PEAUQuickHullFace@local@@VNamedAllocator@shdfnd@physx@@@56@@Z 00000001800278a0 f   QuickHullConvexHullLib.obj
 0001:000269f0       ?doAdjacentMerge@QuickHull@local@@IEAA_NAEAUQuickHullFace@2@_NAEA_N@Z 00000001800279f0 f   QuickHullConvexHullLib.obj
 0001:00026c60       ?doPostAdjacentMerge@QuickHull@local@@IEAA_NAEAUQuickHullFace@2@M@Z 0000000180027c60 f   QuickHullConvexHullLib.obj
 0001:00026da0       ?deleteFacePoints@QuickHull@local@@IEAAXAEAUQuickHullFace@2@PEAU32@@Z 0000000180027da0 f   QuickHullConvexHullLib.obj
 0001:00026eb0       ?resolveUnclaimedPoints@QuickHull@local@@IEAAXAEBV?$Array@PEAUQuickHullFace@local@@VNamedAllocator@shdfnd@physx@@@shdfnd@physx@@@Z 0000000180027eb0 f   QuickHullConvexHullLib.obj
 0001:00027100       ?postMergeHull@QuickHull@local@@IEAAXXZ 0000000180028100 f   QuickHullConvexHullLib.obj
 0001:00027280       ?canMergeFaces@QuickHull@local@@IEAA_NAEBUQuickHullHalfEdge@2@@Z 0000000180028280 f   QuickHullConvexHullLib.obj
 0001:00027ac0       ?getExpandPoint@local@@YAXAEBUQuickHullHalfEdge@1@AEAUExpandPoint@1@PEBV?$Array@IVNamedAllocator@shdfnd@physx@@@shdfnd@physx@@@Z 0000000180028ac0 f   QuickHullConvexHullLib.obj
 0001:00027b50       ?addExpandPoint@local@@YAXAEBUExpandPoint@1@AEAV?$Array@UExpandPoint@local@@VNamedAllocator@shdfnd@physx@@@shdfnd@physx@@@Z 0000000180028b50 f   QuickHullConvexHullLib.obj
 0001:00027c30       ??0PxPlane@physx@@QEAA@AEBV01@@Z 0000000180028c30 f i QuickHullConvexHullLib.obj
 0001:00027c50       ??0QuickHullVertex@local@@QEAA@XZ 0000000180028c50 f i QuickHullConvexHullLib.obj
 0001:00027c60       ??1?$MemBlock@UQuickHullFace@local@@$00@local@@QEAA@XZ 0000000180028c60 f i QuickHullConvexHullLib.obj
 0001:00027ce0       ??1?$MemBlock@UQuickHullHalfEdge@local@@$0A@@local@@QEAA@XZ 0000000180028ce0 f i QuickHullConvexHullLib.obj
 0001:00027d60       ??_GConvexHull@physx@@QEAAPEAXI@Z 0000000180028d60 f i QuickHullConvexHullLib.obj
 0001:00027e30       ??_GQuickHullConvexHullLib@physx@@UEAAPEAXI@Z 0000000180028e30 f i QuickHullConvexHullLib.obj
 0001:00027e30       ??_EQuickHullConvexHullLib@physx@@UEAAPEAXI@Z 0000000180028e30 f i QuickHullConvexHullLib.obj
 0001:00027f30       ??__G@YAXPEAX0_K1P6APEAX00@Z@Z 0000000180028f30 f i QuickHullConvexHullLib.obj
 0001:00027f90       ?copy@?$Array@UExpandPoint@local@@VNamedAllocator@shdfnd@physx@@@shdfnd@physx@@KAXPEAUExpandPoint@local@@0PEBU45@@Z 0000000180028f90 f i QuickHullConvexHullLib.obj
 0001:00028040       ?getFreeItem@?$MemBlock@UQuickHullFace@local@@$00@local@@QEAAPEAUQuickHullFace@2@XZ 0000000180029040 f i QuickHullConvexHullLib.obj
 0001:00028170       ?getFreeItem@?$MemBlock@UQuickHullHalfEdge@local@@$0A@@local@@QEAAPEAUQuickHullHalfEdge@2@XZ 0000000180029170 f i QuickHullConvexHullLib.obj
 0001:00028250       ?growAndPushBack@?$Array@PEAUQuickHullFace@local@@VNamedAllocator@shdfnd@physx@@@shdfnd@physx@@IEAAAEAPEAUQuickHullFace@local@@AEBQEAU45@@Z 0000000180029250 f i QuickHullConvexHullLib.obj
 0001:00028340       ?growAndPushBack@?$Array@PEAUQuickHullHalfEdge@local@@VNamedAllocator@shdfnd@physx@@@shdfnd@physx@@IEAAAEAPEAUQuickHullHalfEdge@local@@AEBQEAU45@@Z 0000000180029340 f i QuickHullConvexHullLib.obj
 0001:00028430       ?growAndPushBack@?$Array@PEAUQuickHullVertex@local@@VNamedAllocator@shdfnd@physx@@@shdfnd@physx@@IEAAAEAPEAUQuickHullVertex@local@@AEBQEAU45@@Z 0000000180029430 f i QuickHullConvexHullLib.obj
 0001:00028520       ?growAndPushBack@?$Array@UExpandPoint@local@@VNamedAllocator@shdfnd@physx@@@shdfnd@physx@@IEAAAEAUExpandPoint@local@@AEBU45@@Z 0000000180029520 f i QuickHullConvexHullLib.obj
 0001:00028650       ?init@?$MemBlock@UQuickHullFace@local@@$00@local@@QEAAXI@Z 0000000180029650 f i QuickHullConvexHullLib.obj
 0001:00028730       ?init@?$MemBlock@UQuickHullHalfEdge@local@@$0A@@local@@QEAAXI@Z 0000000180029730 f i QuickHullConvexHullLib.obj
 0001:000287d0       ?recreate@?$Array@PEAUQuickHullFace@local@@VNamedAllocator@shdfnd@physx@@@shdfnd@physx@@IEAAXI@Z 00000001800297d0 f i QuickHullConvexHullLib.obj
 0001:000288b0       ?recreate@?$Array@PEAUQuickHullHalfEdge@local@@VNamedAllocator@shdfnd@physx@@@shdfnd@physx@@IEAAXI@Z 00000001800298b0 f i QuickHullConvexHullLib.obj
 0001:00028990       ?recreate@?$Array@PEAUQuickHullVertex@local@@VNamedAllocator@shdfnd@physx@@@shdfnd@physx@@IEAAXI@Z 0000000180029990 f i QuickHullConvexHullLib.obj
 0001:00028a70       ?recreate@?$Array@UExpandPoint@local@@VNamedAllocator@shdfnd@physx@@@shdfnd@physx@@IEAAXI@Z 0000000180029a70 f i QuickHullConvexHullLib.obj
 0001:00028b10       ?computeVolumeIntegrals@physx@@YA_NAEBVPxSimpleTriangleMesh@1@MAEAUPxIntegrals@1@@Z 0000000180029b10 f   VolumeIntegration.obj
 0001:00028b80       ?computeVolumeIntegralsEberly@physx@@YA_NAEBVPxConvexMeshDesc@1@MAEAUPxIntegrals@1@AEBVPxVec3@1@@Z 0000000180029b80 f   VolumeIntegration.obj
 0001:00028bd0       ?computeVolumeIntegralsEberlySIMD@physx@@YA_NAEBVPxConvexMeshDesc@1@MAEAUPxIntegrals@1@AEBVPxVec3@1@@Z 0000000180029bd0 f   VolumeIntegration.obj
 0001:0002b050       PxSetPhysXCookingDelayLoadHook 000000018002c050 f   WindowsCookingDelayLoadHook.obj
 0001:0002b060       ?delayHook@@YAP6A_JXZIPEAUDelayLoadInfo@@@Z 000000018002c060 f   WindowsCookingDelayLoadHook.obj
 0001:0002b138       __imp_load_??0RadixSortBuffered@Cm@physx@@QEAA@XZ 000000018002c138 f   PhysXCommon_64:PhysXCommon_64.dll
 0001:0002b144       ??0RadixSortBuffered@Cm@physx@@QEAA@XZ 000000018002c144 f   PhysXCommon_64:PhysXCommon_64.dll
 0001:0002b14a       __tailMerge_physxcommon_64_dll 000000018002c14a     PhysXCommon_64:PhysXCommon_64.dll
 0001:0002b1c3       __imp_load_??1RadixSortBuffered@Cm@physx@@UEAA@XZ 000000018002c1c3 f   PhysXCommon_64:PhysXCommon_64.dll
 0001:0002b1cf       ??1RadixSortBuffered@Cm@physx@@UEAA@XZ 000000018002c1cf f   PhysXCommon_64:PhysXCommon_64.dll
 0001:0002b1d5       __imp_load_?Sort@RadixSortBuffered@Cm@physx@@QEAAAEAV123@PEBIIW4RadixHint@23@@Z 000000018002c1d5 f   PhysXCommon_64:PhysXCommon_64.dll
 0001:0002b1e1       ?Sort@RadixSortBuffered@Cm@physx@@QEAAAEAV123@PEBIIW4RadixHint@23@@Z 000000018002c1e1 f   PhysXCommon_64:PhysXCommon_64.dll
 0001:0002b1e7       __imp_load_?readDword@physx@@YAI_NAEAVPxInputStream@1@@Z 000000018002c1e7 f   PhysXCommon_64:PhysXCommon_64.dll
 0001:0002b1f3       ?readDword@physx@@YAI_NAEAVPxInputStream@1@@Z 000000018002c1f3 f   PhysXCommon_64:PhysXCommon_64.dll
 0001:0002b1f9       __imp_load_?ReadHeader@Gu@physx@@YA_NEEEEAEAIAEA_NAEAVPxInputStream@2@@Z 000000018002c1f9 f   PhysXCommon_64:PhysXCommon_64.dll
 0001:0002b205       ?ReadHeader@Gu@physx@@YA_NEEEEAEAIAEA_NAEAVPxInputStream@2@@Z 000000018002c205 f   PhysXCommon_64:PhysXCommon_64.dll
 0001:0002b20b       __imp_load_?exportExtraData@ConvexMesh@Gu@physx@@UEAAXAEAVPxSerializationContext@3@@Z 000000018002c20b f   PhysXCommon_64:PhysXCommon_64.dll
 0001:0002b217       ?exportExtraData@ConvexMesh@Gu@physx@@UEAAXAEAVPxSerializationContext@3@@Z 000000018002c217 f   PhysXCommon_64:PhysXCommon_64.dll
 0001:0002b21d       __imp_load_?onRefCountZero@ConvexMesh@Gu@physx@@UEAAXXZ 000000018002c21d f   PhysXCommon_64:PhysXCommon_64.dll
 0001:0002b229       ?onRefCountZero@ConvexMesh@Gu@physx@@UEAAXXZ 000000018002c229 f   PhysXCommon_64:PhysXCommon_64.dll
 0001:0002b22f       __imp_load_?release@ConvexMesh@Gu@physx@@UEAAXXZ 000000018002c22f f   PhysXCommon_64:PhysXCommon_64.dll
 0001:0002b23b       ?release@ConvexMesh@Gu@physx@@UEAAXXZ 000000018002c23b f   PhysXCommon_64:PhysXCommon_64.dll
 0001:0002b241       __imp_load_?getPolygonData@ConvexMesh@Gu@physx@@UEBA_NIAEAUPxHullPolygon@3@@Z 000000018002c241 f   PhysXCommon_64:PhysXCommon_64.dll
 0001:0002b24d       ?getPolygonData@ConvexMesh@Gu@physx@@UEBA_NIAEAUPxHullPolygon@3@@Z 000000018002c24d f   PhysXCommon_64:PhysXCommon_64.dll
 0001:0002b253       __imp_load_?isGpuCompatible@ConvexMesh@Gu@physx@@UEBA_NXZ 000000018002c253 f   PhysXCommon_64:PhysXCommon_64.dll
 0001:0002b25f       ?isGpuCompatible@ConvexMesh@Gu@physx@@UEBA_NXZ 000000018002c25f f   PhysXCommon_64:PhysXCommon_64.dll
 0001:0002b265       __imp_load_?getReferenceCount@ConvexMesh@Gu@physx@@UEBAIXZ 000000018002c265 f   PhysXCommon_64:PhysXCommon_64.dll
 0001:0002b271       ?getReferenceCount@ConvexMesh@Gu@physx@@UEBAIXZ 000000018002c271 f   PhysXCommon_64:PhysXCommon_64.dll
 0001:0002b277       __imp_load_?acquireReference@ConvexMesh@Gu@physx@@UEAAXXZ 000000018002c277 f   PhysXCommon_64:PhysXCommon_64.dll
 0001:0002b283       ?acquireReference@ConvexMesh@Gu@physx@@UEAAXXZ 000000018002c283 f   PhysXCommon_64:PhysXCommon_64.dll
 0001:0002b289       __imp_load_?getMassInformation@ConvexMesh@Gu@physx@@UEBAXAEAMAEAVPxMat33@3@AEAVPxVec3@3@@Z 000000018002c289 f   PhysXCommon_64:PhysXCommon_64.dll
 0001:0002b295       ?getMassInformation@ConvexMesh@Gu@physx@@UEBAXAEAMAEAVPxMat33@3@AEAVPxVec3@3@@Z 000000018002c295 f   PhysXCommon_64:PhysXCommon_64.dll
 0001:0002b29b       __imp_load_?getLocalBounds@ConvexMesh@Gu@physx@@UEBA?AVPxBounds3@3@XZ 000000018002c29b f   PhysXCommon_64:PhysXCommon_64.dll
 0001:0002b2a7       ?getLocalBounds@ConvexMesh@Gu@physx@@UEBA?AVPxBounds3@3@XZ 000000018002c2a7 f   PhysXCommon_64:PhysXCommon_64.dll
 0001:0002b2ad       __imp_load_??1ConvexMesh@Gu@physx@@UEAA@XZ 000000018002c2ad f   PhysXCommon_64:PhysXCommon_64.dll
 0001:0002b2b9       ??1ConvexMesh@Gu@physx@@UEAA@XZ 000000018002c2b9 f   PhysXCommon_64:PhysXCommon_64.dll
 0001:0002b2bf       __imp_load_??0HeightField@Gu@physx@@QEAA@PEAVGuMeshFactory@2@@Z 000000018002c2bf f   PhysXCommon_64:PhysXCommon_64.dll
 0001:0002b2cb       ??0HeightField@Gu@physx@@QEAA@PEAVGuMeshFactory@2@@Z 000000018002c2cb f   PhysXCommon_64:PhysXCommon_64.dll
 0001:0002b2d1       __imp_load_?loadFromDesc@HeightField@Gu@physx@@QEAA_NAEBVPxHeightFieldDesc@3@@Z 000000018002c2d1 f   PhysXCommon_64:PhysXCommon_64.dll
 0001:0002b2dd       ?loadFromDesc@HeightField@Gu@physx@@QEAA_NAEBVPxHeightFieldDesc@3@@Z 000000018002c2dd f   PhysXCommon_64:PhysXCommon_64.dll
 0001:0002b2e3       __imp_load_?computeCellCoordinates@HeightField@Gu@physx@@QEBAIMMAEAM0@Z 000000018002c2e3 f   PhysXCommon_64:PhysXCommon_64.dll
 0001:0002b2ef       ?computeCellCoordinates@HeightField@Gu@physx@@QEBAIMMAEAM0@Z 000000018002c2ef f   PhysXCommon_64:PhysXCommon_64.dll
 0001:0002b2f5       __imp_load_?releaseMemory@HeightField@Gu@physx@@QEAAXXZ 000000018002c2f5 f   PhysXCommon_64:PhysXCommon_64.dll
 0001:0002b301       ?releaseMemory@HeightField@Gu@physx@@QEAAXXZ 000000018002c301 f   PhysXCommon_64:PhysXCommon_64.dll
 0001:0002b307       __imp_load_??1HeightField@Gu@physx@@UEAA@XZ 000000018002c307 f   PhysXCommon_64:PhysXCommon_64.dll
 0001:0002b313       ??1HeightField@Gu@physx@@UEAA@XZ 000000018002c313 f   PhysXCommon_64:PhysXCommon_64.dll
 0001:0002b319       __imp_load_??0NodeAllocator@Gu@physx@@QEAA@XZ 000000018002c319 f   PhysXCommon_64:PhysXCommon_64.dll
 0001:0002b325       ??0NodeAllocator@Gu@physx@@QEAA@XZ 000000018002c325 f   PhysXCommon_64:PhysXCommon_64.dll
 0001:0002b32b       __imp_load_??1NodeAllocator@Gu@physx@@QEAA@XZ 000000018002c32b f   PhysXCommon_64:PhysXCommon_64.dll
 0001:0002b337       ??1NodeAllocator@Gu@physx@@QEAA@XZ 000000018002c337 f   PhysXCommon_64:PhysXCommon_64.dll
 0001:0002b33d       __imp_load_?release@NodeAllocator@Gu@physx@@QEAAXXZ 000000018002c33d f   PhysXCommon_64:PhysXCommon_64.dll
 0001:0002b349       ?release@NodeAllocator@Gu@physx@@QEAAXXZ 000000018002c349 f   PhysXCommon_64:PhysXCommon_64.dll
 0001:0002b34f       __imp_load_?buildAABBTree@Gu@physx@@YA_NAEAVAABBTreeBuildParams@12@AEAVNodeAllocator@12@AEAUBuildStats@12@AEAPEAI@Z 000000018002c34f f   PhysXCommon_64:PhysXCommon_64.dll
 0001:0002b35b       ?buildAABBTree@Gu@physx@@YA_NAEAVAABBTreeBuildParams@12@AEAVNodeAllocator@12@AEAUBuildStats@12@AEAPEAI@Z 000000018002c35b f   PhysXCommon_64:PhysXCommon_64.dll
 0001:0002b361       __imp_load_?writeDword@physx@@YAXI_NAEAVPxOutputStream@1@@Z 000000018002c361 f   PhysXCommon_64:PhysXCommon_64.dll
 0001:0002b36d       ?writeDword@physx@@YAXI_NAEAVPxOutputStream@1@@Z 000000018002c36d f   PhysXCommon_64:PhysXCommon_64.dll
 0001:0002b373       __imp_load_?writeFloatBuffer@physx@@YAXPEBMI_NAEAVPxOutputStream@1@@Z 000000018002c373 f   PhysXCommon_64:PhysXCommon_64.dll
 0001:0002b37f       ?writeFloatBuffer@physx@@YAXPEBMI_NAEAVPxOutputStream@1@@Z 000000018002c37f f   PhysXCommon_64:PhysXCommon_64.dll
 0001:0002b385       __imp_load_?writeHeader@physx@@YA_NCCCCI_NAEAVPxOutputStream@1@@Z 000000018002c385 f   PhysXCommon_64:PhysXCommon_64.dll
 0001:0002b391       ?writeHeader@physx@@YA_NCCCCI_NAEAVPxOutputStream@1@@Z 000000018002c391 f   PhysXCommon_64:PhysXCommon_64.dll
 0001:0002b397       __imp_load_?writeWord@physx@@YAXG_NAEAVPxOutputStream@1@@Z 000000018002c397 f   PhysXCommon_64:PhysXCommon_64.dll
 0001:0002b3a3       ?writeWord@physx@@YAXG_NAEAVPxOutputStream@1@@Z 000000018002c3a3 f   PhysXCommon_64:PhysXCommon_64.dll
 0001:0002b3a9       __imp_load_?writeFloat@physx@@YAXM_NAEAVPxOutputStream@1@@Z 000000018002c3a9 f   PhysXCommon_64:PhysXCommon_64.dll
 0001:0002b3b5       ?writeFloat@physx@@YAXM_NAEAVPxOutputStream@1@@Z 000000018002c3b5 f   PhysXCommon_64:PhysXCommon_64.dll
 0001:0002b3bb       __imp_load_?computeBoundsAroundVertices@Gu@physx@@YAXAEAVPxBounds3@2@IPEIBVPxVec3@2@@Z 000000018002c3bb f   PhysXCommon_64:PhysXCommon_64.dll
 0001:0002b3c7       ?computeBoundsAroundVertices@Gu@physx@@YAXAEAVPxBounds3@2@IPEIBVPxVec3@2@@Z 000000018002c3c7 f   PhysXCommon_64:PhysXCommon_64.dll
 0001:0002b3cd       __imp_load_??0SourceMesh@Gu@physx@@QEAA@XZ 000000018002c3cd f   PhysXCommon_64:PhysXCommon_64.dll
 0001:0002b3d9       ??0SourceMesh@Gu@physx@@QEAA@XZ 000000018002c3d9 f   PhysXCommon_64:PhysXCommon_64.dll
 0001:0002b3df       __imp_load_??1SourceMesh@Gu@physx@@QEAA@XZ 000000018002c3df f   PhysXCommon_64:PhysXCommon_64.dll
 0001:0002b3eb       ??1SourceMesh@Gu@physx@@QEAA@XZ 000000018002c3eb f   PhysXCommon_64:PhysXCommon_64.dll
 0001:0002b3f1       __imp_load_??0BV4Tree@Gu@physx@@QEAA@XZ 000000018002c3f1 f   PhysXCommon_64:PhysXCommon_64.dll
 0001:0002b3fd       ??0BV4Tree@Gu@physx@@QEAA@XZ 000000018002c3fd f   PhysXCommon_64:PhysXCommon_64.dll
 0001:0002b403       __imp_load_??1BV4Tree@Gu@physx@@QEAA@XZ 000000018002c403 f   PhysXCommon_64:PhysXCommon_64.dll
 0001:0002b40f       ??1BV4Tree@Gu@physx@@QEAA@XZ 000000018002c40f f   PhysXCommon_64:PhysXCommon_64.dll
 0001:0002b415       __imp_load_??0BV32Tree@Gu@physx@@QEAA@XZ 000000018002c415 f   PhysXCommon_64:PhysXCommon_64.dll
 0001:0002b421       ??0BV32Tree@Gu@physx@@QEAA@XZ 000000018002c421 f   PhysXCommon_64:PhysXCommon_64.dll
 0001:0002b427       __imp_load_??1BV32Tree@Gu@physx@@QEAA@XZ 000000018002c427 f   PhysXCommon_64:PhysXCommon_64.dll
 0001:0002b433       ??1BV32Tree@Gu@physx@@QEAA@XZ 000000018002c433 f   PhysXCommon_64:PhysXCommon_64.dll
 0001:0002b439       __imp_load_?writeWordBuffer@physx@@YAXPEBGI_NAEAVPxOutputStream@1@@Z 000000018002c439 f   PhysXCommon_64:PhysXCommon_64.dll
 0001:0002b445       ?writeWordBuffer@physx@@YAXPEBGI_NAEAVPxOutputStream@1@@Z 000000018002c445 f   PhysXCommon_64:PhysXCommon_64.dll
 0001:0002b44b       __imp_load_?computeMaxIndex@physx@@YAIPEBII@Z 000000018002c44b f   PhysXCommon_64:PhysXCommon_64.dll
 0001:0002b457       ?computeMaxIndex@physx@@YAIPEBII@Z 000000018002c457 f   PhysXCommon_64:PhysXCommon_64.dll
 0001:0002b45d       __imp_load_?storeIndices@physx@@YAXIIPEBIAEAVPxOutputStream@1@_N@Z 000000018002c45d f   PhysXCommon_64:PhysXCommon_64.dll
 0001:0002b469       ?storeIndices@physx@@YAXIIPEBIAEAVPxOutputStream@1@_N@Z 000000018002c469 f   PhysXCommon_64:PhysXCommon_64.dll
 0001:0002b46f       __imp_load_?BuildBV4Ex@Gu@physx@@YA_NAEAVBV4Tree@12@AEAVSourceMesh@12@MI@Z 000000018002c46f f   PhysXCommon_64:PhysXCommon_64.dll
 0001:0002b47b       ?BuildBV4Ex@Gu@physx@@YA_NAEAVBV4Tree@12@AEAVSourceMesh@12@MI@Z 000000018002c47b f   PhysXCommon_64:PhysXCommon_64.dll
 0001:0002b481       __imp_load_?BuildBV32Ex@Gu@physx@@YA_NAEAVBV32Tree@12@AEAVSourceMesh@12@MI@Z 000000018002c481 f   PhysXCommon_64:PhysXCommon_64.dll
 0001:0002b48d       ?BuildBV32Ex@Gu@physx@@YA_NAEAVBV32Tree@12@AEAVSourceMesh@12@MI@Z 000000018002c48d f   PhysXCommon_64:PhysXCommon_64.dll
 0001:0002b493       __imp_load_?computeMaxIndex@physx@@YAGPEBGI@Z 000000018002c493 f   PhysXCommon_64:PhysXCommon_64.dll
 0001:0002b49f       ?computeMaxIndex@physx@@YAGPEBGI@Z 000000018002c49f f   PhysXCommon_64:PhysXCommon_64.dll
 0001:0002b4a5       __imp_load_?WriteHeader@Gu@physx@@YA_NEEEEI_NAEAVPxOutputStream@2@@Z 000000018002c4a5 f   PhysXCommon_64:PhysXCommon_64.dll
 0001:0002b4b1       ?WriteHeader@Gu@physx@@YA_NEEEEI_NAEAVPxOutputStream@2@@Z 000000018002c4b1 f   PhysXCommon_64:PhysXCommon_64.dll
 0001:0002b4b7       __imp_load_?StoreIndices@Gu@physx@@YAXGIPEBGAEAVPxOutputStream@2@_N@Z 000000018002c4b7 f   PhysXCommon_64:PhysXCommon_64.dll
 0001:0002b4c3       ?StoreIndices@Gu@physx@@YAXGIPEBGAEAVPxOutputStream@2@_N@Z 000000018002c4c3 f   PhysXCommon_64:PhysXCommon_64.dll
 0001:0002b4c9       __imp_load_?CreateOffsets@BigConvexData@physx@@IEAAXXZ 000000018002c4c9 f   PhysXCommon_64:PhysXCommon_64.dll
 0001:0002b4d5       ?CreateOffsets@BigConvexData@physx@@IEAAXXZ 000000018002c4d5 f   PhysXCommon_64:PhysXCommon_64.dll
 0001:0002b4db       __imp_load_?computeOBBPoints@Gu@physx@@YAXPEIAVPxVec3@2@AEBV32@1111@Z 000000018002c4db f   PhysXCommon_64:PhysXCommon_64.dll
 0001:0002b4e7       ?computeOBBPoints@Gu@physx@@YAXPEIAVPxVec3@2@AEBV32@1111@Z 000000018002c4e7 f   PhysXCommon_64:PhysXCommon_64.dll
 0001:0002b4ed       __imp_load_??0BigConvexData@physx@@QEAA@XZ 000000018002c4ed f   PhysXCommon_64:PhysXCommon_64.dll
 0001:0002b4f9       ??0BigConvexData@physx@@QEAA@XZ 000000018002c4f9 f   PhysXCommon_64:PhysXCommon_64.dll
 0001:0002b4ff       __imp_load_??1BigConvexData@physx@@QEAA@XZ 000000018002c4ff f   PhysXCommon_64:PhysXCommon_64.dll
 0001:0002b50b       ??1BigConvexData@physx@@QEAA@XZ 000000018002c50b f   PhysXCommon_64:PhysXCommon_64.dll
 0001:0002b511       __imp_load_PxGetFoundation 000000018002c511 f   PhysXFoundation_64:PhysXFoundation_64.dll
 0001:0002b51d       PxGetFoundation            000000018002c51d f   PhysXFoundation_64:PhysXFoundation_64.dll
 0001:0002b523       __tailMerge_physxfoundation_64_dll 000000018002c523     PhysXFoundation_64:PhysXFoundation_64.dll
 0001:0002b59c       __imp_load_?getAllocator@shdfnd@physx@@YAAEAVPxAllocatorCallback@2@XZ 000000018002c59c f   PhysXFoundation_64:PhysXFoundation_64.dll
 0001:0002b5a8       ?getAllocator@shdfnd@physx@@YAAEAVPxAllocatorCallback@2@XZ 000000018002c5a8 f   PhysXFoundation_64:PhysXFoundation_64.dll
 0001:0002b5ae       __imp_load_??0NamedAllocator@shdfnd@physx@@QEAA@PEBD@Z 000000018002c5ae f   PhysXFoundation_64:PhysXFoundation_64.dll
 0001:0002b5ba       ??0NamedAllocator@shdfnd@physx@@QEAA@PEBD@Z 000000018002c5ba f   PhysXFoundation_64:PhysXFoundation_64.dll
 0001:0002b5c0       __imp_load_?getInstance@Foundation@shdfnd@physx@@SAAEAV123@XZ 000000018002c5c0 f   PhysXFoundation_64:PhysXFoundation_64.dll
 0001:0002b5cc       ?getInstance@Foundation@shdfnd@physx@@SAAEAV123@XZ 000000018002c5cc f   PhysXFoundation_64:PhysXFoundation_64.dll
 0001:0002b5d2       __imp_load_?error@Foundation@shdfnd@physx@@QEAAXW4Enum@PxErrorCode@3@PEBDH1ZZ 000000018002c5d2 f   PhysXFoundation_64:PhysXFoundation_64.dll
 0001:0002b5de       ?error@Foundation@shdfnd@physx@@QEAAXW4Enum@PxErrorCode@3@PEBDH1ZZ 000000018002c5de f   PhysXFoundation_64:PhysXFoundation_64.dll
 0001:0002b5e4       __imp_load_?allocate@NamedAllocator@shdfnd@physx@@QEAAPEAX_KPEBDH@Z 000000018002c5e4 f   PhysXFoundation_64:PhysXFoundation_64.dll
 0001:0002b5f0       ?allocate@NamedAllocator@shdfnd@physx@@QEAAPEAX_KPEBDH@Z 000000018002c5f0 f   PhysXFoundation_64:PhysXFoundation_64.dll
 0001:0002b5f6       __imp_load_?deallocate@NamedAllocator@shdfnd@physx@@QEAAXPEAX@Z 000000018002c5f6 f   PhysXFoundation_64:PhysXFoundation_64.dll
 0001:0002b602       ?deallocate@NamedAllocator@shdfnd@physx@@QEAAXPEAX@Z 000000018002c602 f   PhysXFoundation_64:PhysXFoundation_64.dll
 0001:0002b608       __imp_load_?incRefCount@Foundation@shdfnd@physx@@SAXXZ 000000018002c608 f   PhysXFoundation_64:PhysXFoundation_64.dll
 0001:0002b614       ?incRefCount@Foundation@shdfnd@physx@@SAXXZ 000000018002c614 f   PhysXFoundation_64:PhysXFoundation_64.dll
 0001:0002b61a       __imp_load_?decRefCount@Foundation@shdfnd@physx@@SAXXZ 000000018002c61a f   PhysXFoundation_64:PhysXFoundation_64.dll
 0001:0002b626       ?decRefCount@Foundation@shdfnd@physx@@SAXXZ 000000018002c626 f   PhysXFoundation_64:PhysXFoundation_64.dll
 0001:0002b62c       __imp_load_??0FPUGuard@shdfnd@physx@@QEAA@XZ 000000018002c62c f   PhysXFoundation_64:PhysXFoundation_64.dll
 0001:0002b638       ??0FPUGuard@shdfnd@physx@@QEAA@XZ 000000018002c638 f   PhysXFoundation_64:PhysXFoundation_64.dll
 0001:0002b63e       __imp_load_??1FPUGuard@shdfnd@physx@@QEAA@XZ 000000018002c63e f   PhysXFoundation_64:PhysXFoundation_64.dll
 0001:0002b64a       ??1FPUGuard@shdfnd@physx@@QEAA@XZ 000000018002c64a f   PhysXFoundation_64:PhysXFoundation_64.dll
 0001:0002b650       __imp_load_??1NamedAllocator@shdfnd@physx@@QEAA@XZ 000000018002c650 f   PhysXFoundation_64:PhysXFoundation_64.dll
 0001:0002b65c       ??1NamedAllocator@shdfnd@physx@@QEAA@XZ 000000018002c65c f   PhysXFoundation_64:PhysXFoundation_64.dll
 0001:0002b662       __imp_load_??0NamedAllocator@shdfnd@physx@@QEAA@AEBV012@@Z 000000018002c662 f   PhysXFoundation_64:PhysXFoundation_64.dll
 0001:0002b66e       ??0NamedAllocator@shdfnd@physx@@QEAA@AEBV012@@Z 000000018002c66e f   PhysXFoundation_64:PhysXFoundation_64.dll
 0001:0002b674       __imp_load_?allocate@TempAllocator@shdfnd@physx@@QEAAPEAX_KPEBDH@Z 000000018002c674 f   PhysXFoundation_64:PhysXFoundation_64.dll
 0001:0002b680       ?allocate@TempAllocator@shdfnd@physx@@QEAAPEAX_KPEBDH@Z 000000018002c680 f   PhysXFoundation_64:PhysXFoundation_64.dll
 0001:0002b686       __imp_load_?deallocate@TempAllocator@shdfnd@physx@@QEAAXPEAX@Z 000000018002c686 f   PhysXFoundation_64:PhysXFoundation_64.dll
 0001:0002b692       ?deallocate@TempAllocator@shdfnd@physx@@QEAAXPEAX@Z 000000018002c692 f   PhysXFoundation_64:PhysXFoundation_64.dll
 0001:0002b698       __imp_load_?PxDiagonalize@physx@@YA?AVPxVec3@1@AEBVPxMat33@1@AEAVPxQuat@1@@Z 000000018002c698 f   PhysXFoundation_64:PhysXFoundation_64.dll
 0001:0002b6a4       ?PxDiagonalize@physx@@YA?AVPxVec3@1@AEBVPxMat33@1@AEAVPxQuat@1@@Z 000000018002c6a4 f   PhysXFoundation_64:PhysXFoundation_64.dll
[...]
 0004:00001a58       $pdata$?addNewFacesFromHorizon@QuickHull@local@@IEAAXPEBUQuickHullVertex@2@AEBV?$Array@PEAUQuickHullHalfEdge@local@@VNamedAllocator@shdfnd@physx@@@shdfnd@physx@@AEAV?$Array@PEAUQuickHullFace@local@@VNamedAllocator@shdfnd@physx@@@56@@Z 000000018003ba58     QuickHullConvexHullLib.obj
 0004:00001a64       $pdata$2$?addNewFacesFromHorizon@QuickHull@local@@IEAAXPEBUQuickHullVertex@2@AEBV?$Array@PEAUQuickHullHalfEdge@local@@VNamedAllocator@shdfnd@physx@@@shdfnd@physx@@AEAV?$Array@PEAUQuickHullFace@local@@VNamedAllocator@shdfnd@physx@@@56@@Z 000000018003ba64     QuickHullConvexHullLib.obj
 0004:00001a70       $pdata$3$?addNewFacesFromHorizon@QuickHull@local@@IEAAXPEBUQuickHullVertex@2@AEBV?$Array@PEAUQuickHullHalfEdge@local@@VNamedAllocator@shdfnd@physx@@@shdfnd@physx@@AEAV?$Array@PEAUQuickHullFace@local@@VNamedAllocator@shdfnd@physx@@@56@@Z 000000018003ba70     QuickHullConvexHullLib.obj
 0004:00001a7c       $pdata$?doAdjacentMerge@QuickHull@local@@IEAA_NAEAUQuickHullFace@2@_NAEA_N@Z 000000018003ba7c     QuickHullConvexHullLib.obj
 0004:00001a88       $pdata$1$?doAdjacentMerge@QuickHull@local@@IEAA_NAEAUQuickHullFace@2@_NAEA_N@Z 000000018003ba88     QuickHullConvexHullLib.obj
 0004:00001a94       $pdata$?doPostAdjacentMerge@QuickHull@local@@IEAA_NAEAUQuickHullFace@2@M@Z 000000018003ba94     QuickHullConvexHullLib.obj
 0004:00001aa0       $pdata$0$?doPostAdjacentMerge@QuickHull@local@@IEAA_NAEAUQuickHullFace@2@M@Z 000000018003baa0     QuickHullConvexHullLib.obj
 0004:00001aac       $pdata$1$?doPostAdjacentMerge@QuickHull@local@@IEAA_NAEAUQuickHullFace@2@M@Z 000000018003baac     QuickHullConvexHullLib.obj
 0004:00001ab8       $pdata$?deleteFacePoints@QuickHull@local@@IEAAXAEAUQuickHullFace@2@PEAU32@@Z 000000018003bab8     QuickHullConvexHullLib.obj
 0004:00001ac4       $pdata$0$?deleteFacePoints@QuickHull@local@@IEAAXAEAUQuickHullFace@2@PEAU32@@Z 000000018003bac4     QuickHullConvexHullLib.obj
 0004:00001ad0       $pdata$1$?deleteFacePoints@QuickHull@local@@IEAAXAEAUQuickHullFace@2@PEAU32@@Z 000000018003bad0     QuickHullConvexHullLib.obj
 0004:00001adc       $pdata$?resolveUnclaimedPoints@QuickHull@local@@IEAAXAEBV?$Array@PEAUQuickHullFace@local@@VNamedAllocator@shdfnd@physx@@@shdfnd@physx@@@Z 000000018003badc     QuickHullConvexHullLib.obj
 0004:00001ae8       $pdata$?postMergeHull@QuickHull@local@@IEAAXXZ 000000018003bae8     QuickHullConvexHullLib.obj
 0004:00001af4       $pdata$2$?postMergeHull@QuickHull@local@@IEAAXXZ 000000018003baf4     QuickHullConvexHullLib.obj
 0004:00001b00       $pdata$3$?postMergeHull@QuickHull@local@@IEAAXXZ 000000018003bb00     QuickHullConvexHullLib.obj
 0004:00001b0c       $pdata$4$?postMergeHull@QuickHull@local@@IEAAXXZ 000000018003bb0c     QuickHullConvexHullLib.obj
 0004:00001b18       $pdata$?canMergeFaces@QuickHull@local@@IEAA_NAEBUQuickHullHalfEdge@2@@Z 000000018003bb18     QuickHullConvexHullLib.obj
 0004:00001b24       $pdata$??_GQuickHullConvexHullLib@physx@@UEAAPEAXI@Z 000000018003bb24     QuickHullConvexHullLib.obj
 0004:00001b30       $pdata$??_GConvexHull@physx@@QEAAPEAXI@Z 000000018003bb30     QuickHullConvexHullLib.obj
 0004:00001b3c       $pdata$?init@?$MemBlock@UQuickHullHalfEdge@local@@$0A@@local@@QEAAXI@Z 000000018003bb3c     QuickHullConvexHullLib.obj
 0004:00001b48       $pdata$??1?$MemBlock@UQuickHullHalfEdge@local@@$0A@@local@@QEAA@XZ 000000018003bb48     QuickHullConvexHullLib.obj
 0004:00001b54       $pdata$0$??1?$MemBlock@UQuickHullHalfEdge@local@@$0A@@local@@QEAA@XZ 000000018003bb54     QuickHullConvexHullLib.obj
 0004:00001b60       $pdata$1$??1?$MemBlock@UQuickHullHalfEdge@local@@$0A@@local@@QEAA@XZ 000000018003bb60     QuickHullConvexHullLib.obj
 0004:00001b6c       $pdata$2$??1?$MemBlock@UQuickHullHalfEdge@local@@$0A@@local@@QEAA@XZ 000000018003bb6c     QuickHullConvexHullLib.obj
 0004:00001b78       $pdata$3$??1?$MemBlock@UQuickHullHalfEdge@local@@$0A@@local@@QEAA@XZ 000000018003bb78     QuickHullConvexHullLib.obj
 0004:00001b84       $pdata$?getFreeItem@?$MemBlock@UQuickHullHalfEdge@local@@$0A@@local@@QEAAPEAUQuickHullHalfEdge@2@XZ 000000018003bb84     QuickHullConvexHullLib.obj
 0004:00001b90       $pdata$?growAndPushBack@?$Array@PEAUQuickHullHalfEdge@local@@VNamedAllocator@shdfnd@physx@@@shdfnd@physx@@IEAAAEAPEAUQuickHullHalfEdge@local@@AEBQEAU45@@Z 000000018003bb90     QuickHullConvexHullLib.obj
 0004:00001b9c       $pdata$?recreate@?$Array@PEAUQuickHullHalfEdge@local@@VNamedAllocator@shdfnd@physx@@@shdfnd@physx@@IEAAXI@Z 000000018003bb9c     QuickHullConvexHullLib.obj
 0004:00001ba8       $pdata$0$?recreate@?$Array@PEAUQuickHullHalfEdge@local@@VNamedAllocator@shdfnd@physx@@@shdfnd@physx@@IEAAXI@Z 000000018003bba8     QuickHullConvexHullLib.obj
 0004:00001bb4       $pdata$1$?recreate@?$Array@PEAUQuickHullHalfEdge@local@@VNamedAllocator@shdfnd@physx@@@shdfnd@physx@@IEAAXI@Z 000000018003bbb4     QuickHullConvexHullLib.obj
 0004:00001bc0       $pdata$?init@?$MemBlock@UQuickHullFace@local@@$00@local@@QEAAXI@Z 000000018003bbc0     QuickHullConvexHullLib.obj
 0004:00001bcc       $pdata$??1?$MemBlock@UQuickHullFace@local@@$00@local@@QEAA@XZ 000000018003bbcc     QuickHullConvexHullLib.obj
 0004:00001bd8       $pdata$0$??1?$MemBlock@UQuickHullFace@local@@$00@local@@QEAA@XZ 000000018003bbd8     QuickHullConvexHullLib.obj
 0004:00001be4       $pdata$1$??1?$MemBlock@UQuickHullFace@local@@$00@local@@QEAA@XZ 000000018003bbe4     QuickHullConvexHullLib.obj
 0004:00001bf0       $pdata$2$??1?$MemBlock@UQuickHullFace@local@@$00@local@@QEAA@XZ 000000018003bbf0     QuickHullConvexHullLib.obj
 0004:00001bfc       $pdata$3$??1?$MemBlock@UQuickHullFace@local@@$00@local@@QEAA@XZ 000000018003bbfc     QuickHullConvexHullLib.obj
 0004:00001c08       $pdata$?getFreeItem@?$MemBlock@UQuickHullFace@local@@$00@local@@QEAAPEAUQuickHullFace@2@XZ 000000018003bc08     QuickHullConvexHullLib.obj
 0004:00001c14       $pdata$?growAndPushBack@?$Array@PEAUQuickHullFace@local@@VNamedAllocator@shdfnd@physx@@@shdfnd@physx@@IEAAAEAPEAUQuickHullFace@local@@AEBQEAU45@@Z 000000018003bc14     QuickHullConvexHullLib.obj
 0004:00001c20       $pdata$?recreate@?$Array@PEAUQuickHullFace@local@@VNamedAllocator@shdfnd@physx@@@shdfnd@physx@@IEAAXI@Z 000000018003bc20     QuickHullConvexHullLib.obj
 0004:00001c2c       $pdata$0$?recreate@?$Array@PEAUQuickHullFace@local@@VNamedAllocator@shdfnd@physx@@@shdfnd@physx@@IEAAXI@Z 000000018003bc2c     QuickHullConvexHullLib.obj
 0004:00001c38       $pdata$1$?recreate@?$Array@PEAUQuickHullFace@local@@VNamedAllocator@shdfnd@physx@@@shdfnd@physx@@IEAAXI@Z 000000018003bc38     QuickHullConvexHullLib.obj
 0004:00001c44       $pdata$?growAndPushBack@?$Array@PEAUQuickHullVertex@local@@VNamedAllocator@shdfnd@physx@@@shdfnd@physx@@IEAAAEAPEAUQuickHullVertex@local@@AEBQEAU45@@Z 000000018003bc44     QuickHullConvexHullLib.obj
 0004:00001c50       $pdata$?recreate@?$Array@PEAUQuickHullVertex@local@@VNamedAllocator@shdfnd@physx@@@shdfnd@physx@@IEAAXI@Z 000000018003bc50     QuickHullConvexHullLib.obj
 0004:00001c5c       $pdata$0$?recreate@?$Array@PEAUQuickHullVertex@local@@VNamedAllocator@shdfnd@physx@@@shdfnd@physx@@IEAAXI@Z 000000018003bc5c     QuickHullConvexHullLib.obj
 0004:00001c68       $pdata$1$?recreate@?$Array@PEAUQuickHullVertex@local@@VNamedAllocator@shdfnd@physx@@@shdfnd@physx@@IEAAXI@Z 000000018003bc68     QuickHullConvexHullLib.obj
 0004:00001c74       $pdata$?growAndPushBack@?$Array@UExpandPoint@local@@VNamedAllocator@shdfnd@physx@@@shdfnd@physx@@IEAAAEAUExpandPoint@local@@AEBU45@@Z 000000018003bc74     QuickHullConvexHullLib.obj
 0004:00001c80       $pdata$0$?growAndPushBack@?$Array@UExpandPoint@local@@VNamedAllocator@shdfnd@physx@@@shdfnd@physx@@IEAAAEAUExpandPoint@local@@AEBU45@@Z 000000018003bc80     QuickHullConvexHullLib.obj
 0004:00001c8c       $pdata$1$?growAndPushBack@?$Array@UExpandPoint@local@@VNamedAllocator@shdfnd@physx@@@shdfnd@physx@@IEAAAEAUExpandPoint@local@@AEBU45@@Z 000000018003bc8c     QuickHullConvexHullLib.obj
 0004:00001c98       $pdata$2$?growAndPushBack@?$Array@UExpandPoint@local@@VNamedAllocator@shdfnd@physx@@@shdfnd@physx@@IEAAAEAUExpandPoint@local@@AEBU45@@Z 000000018003bc98     QuickHullConvexHullLib.obj
 0004:00001ca4       $pdata$3$?growAndPushBack@?$Array@UExpandPoint@local@@VNamedAllocator@shdfnd@physx@@@shdfnd@physx@@IEAAAEAUExpandPoint@local@@AEBU45@@Z 000000018003bca4     QuickHullConvexHullLib.obj
 0004:00001cb0       $pdata$?recreate@?$Array@UExpandPoint@local@@VNamedAllocator@shdfnd@physx@@@shdfnd@physx@@IEAAXI@Z 000000018003bcb0     QuickHullConvexHullLib.obj
 0004:00001cbc       $pdata$0$?recreate@?$Array@UExpandPoint@local@@VNamedAllocator@shdfnd@physx@@@shdfnd@physx@@IEAAXI@Z 000000018003bcbc     QuickHullConvexHullLib.obj
 0004:00001cc8       $pdata$1$?recreate@?$Array@UExpandPoint@local@@VNamedAllocator@shdfnd@physx@@@shdfnd@physx@@IEAAXI@Z 000000018003bcc8     QuickHullConvexHullLib.obj
 0004:00001cd4       $pdata$?computeVolumeIntegrals@physx@@YA_NAEBVPxSimpleTriangleMesh@1@MAEAUPxIntegrals@1@@Z 000000018003bcd4     VolumeIntegration.obj
 0004:00001ce0       $pdata$?computeVolumeIntegralsEberly@physx@@YA_NAEBVPxConvexMeshDesc@1@MAEAUPxIntegrals@1@AEBVPxVec3@1@@Z 000000018003bce0     VolumeIntegration.obj
 0004:00001cec       $pdata$?computeVolumeIntegralsEberlySIMD@physx@@YA_NAEBVPxConvexMeshDesc@1@MAEAUPxIntegrals@1@AEBVPxVec3@1@@Z 000000018003bcec     VolumeIntegration.obj
 0004:00001cf8       $pdata$?computeVolumeIntegrals@VolumeIntegrator@?A0x3236b418@physx@@QEAA_NAEAUPxIntegrals@3@@Z 000000018003bcf8     VolumeIntegration.obj
 0004:00001d04       $pdata$?computeProjectionIntegrals@VolumeIntegrator@?A0x3236b418@physx@@AEAAXAEBUFace@123@@Z 000000018003bd04     VolumeIntegration.obj
 0004:00001d10       $pdata$?computeFaceIntegrals@VolumeIntegrator@?A0x3236b418@physx@@AEAAXAEBUFace@123@@Z 000000018003bd10     VolumeIntegration.obj
 0004:00001d1c       $pdata$?computeVolumeIntegralsSIMD@VolumeIntegratorEberly@?A0x3236b418@physx@@QEAA_NAEAUPxIntegrals@3@AEBVPxVec3@3@@Z 000000018003bd1c     VolumeIntegration.obj
 0004:00001d28       $pdata$0$?computeVolumeIntegralsSIMD@VolumeIntegratorEberly@?A0x3236b418@physx@@QEAA_NAEAUPxIntegrals@3@AEBVPxVec3@3@@Z 000000018003bd28     VolumeIntegration.obj
 0004:00001d34       $pdata$2$?computeVolumeIntegralsSIMD@VolumeIntegratorEberly@?A0x3236b418@physx@@QEAA_NAEAUPxIntegrals@3@AEBVPxVec3@3@@Z 000000018003bd34     VolumeIntegration.obj
 0004:00001d40       $pdata$3$?computeVolumeIntegralsSIMD@VolumeIntegratorEberly@?A0x3236b418@physx@@QEAA_NAEAUPxIntegrals@3@AEBVPxVec3@3@@Z 000000018003bd40     VolumeIntegration.obj
 0004:00001d4c       $pdata$4$?computeVolumeIntegralsSIMD@VolumeIntegratorEberly@?A0x3236b418@physx@@QEAA_NAEAUPxIntegrals@3@AEBVPxVec3@3@@Z 000000018003bd4c     VolumeIntegration.obj
 0004:00001d58       $pdata$?computeVolumeIntegrals@VolumeIntegratorEberly@?A0x3236b418@physx@@QEAA_NAEAUPxIntegrals@3@AEBVPxVec3@3@@Z 000000018003bd58     VolumeIntegration.obj
 0004:00001d64       $pdata$0$?computeVolumeIntegrals@VolumeIntegratorEberly@?A0x3236b418@physx@@QEAA_NAEAUPxIntegrals@3@AEBVPxVec3@3@@Z 000000018003bd64     VolumeIntegration.obj
 0004:00001d70       $pdata$6$?computeVolumeIntegrals@VolumeIntegratorEberly@?A0x3236b418@physx@@QEAA_NAEAUPxIntegrals@3@AEBVPxVec3@3@@Z 000000018003bd70     VolumeIntegration.obj
 0004:00001d7c       $pdata$7$?computeVolumeIntegrals@VolumeIntegratorEberly@?A0x3236b418@physx@@QEAA_NAEAUPxIntegrals@3@AEBVPxVec3@3@@Z 000000018003bd7c     VolumeIntegration.obj
 0004:00001d88       $pdata$8$?computeVolumeIntegrals@VolumeIntegratorEberly@?A0x3236b418@physx@@QEAA_NAEAUPxIntegrals@3@AEBVPxVec3@3@@Z 000000018003bd88     VolumeIntegration.obj
 0004:00001d94       $pdata$?delayHook@@YAP6A_JXZIPEAUDelayLoadInfo@@@Z 000000018003bd94     WindowsCookingDelayLoadHook.obj
 0004:00001da0       $pdata$1$?delayHook@@YAP6A_JXZIPEAUDelayLoadInfo@@@Z 000000018003bda0     WindowsCookingDelayLoadHook.obj
 0004:00001dac       $pdata$3$?delayHook@@YAP6A_JXZIPEAUDelayLoadInfo@@@Z 000000018003bdac     WindowsCookingDelayLoadHook.obj
 0004:00001db8       $pdata$5$?delayHook@@YAP6A_JXZIPEAUDelayLoadInfo@@@Z 000000018003bdb8     WindowsCookingDelayLoadHook.obj
 0004:00001dc4       $pdata$6$?delayHook@@YAP6A_JXZIPEAUDelayLoadInfo@@@Z 000000018003bdc4     WindowsCookingDelayLoadHook.obj
 0004:00001de8       $pdata$__FUnloadDelayLoadedDLL2 000000018003bde8     Delayimp:delayhlp.obj
 0004:00001df4       $pdata$__HrLoadAllImportsForDll 000000018003bdf4     Delayimp:delayhlp.obj
 0004:00001e00       $pdata$?DloadGetSRWLockFunctionPointers@@YAEXZ 000000018003be00     Delayimp:delayhlp.obj
 0004:00001e0c       $pdata$?DloadLock@@YAXXZ   000000018003be0c     Delayimp:delayhlp.obj
 0004:00001e18       $pdata$?DloadUnlock@@YAXXZ 000000018003be18     Delayimp:delayhlp.obj
 0004:00001e24       $pdata$?DloadObtainSection@@YAPEAXPEAK0@Z 000000018003be24     Delayimp:delayhlp.obj
 0004:00001e30       $pdata$?DloadMakePermanentImageCommit@@YAXPEAX_K@Z 000000018003be30     Delayimp:delayhlp.obj
 0004:00001e3c       $pdata$?DloadProtectSection@@YAXKPEAK@Z 000000018003be3c     Delayimp:delayhlp.obj
 0004:00001e48       $pdata$?DloadAcquireSectionWriteAccess@@YAXXZ 000000018003be48     Delayimp:delayhlp.obj
 0004:00001e54       $pdata$?DloadReleaseSectionWriteAccess@@YAXXZ 000000018003be54     Delayimp:delayhlp.obj
 0004:00001e60       $pdata$?PiddFromDllName@@YAPEBUImgDelayDescr@@PEBD@Z 000000018003be60     Delayimp:delayhlp.obj
 0004:00001e6c       $pdata$__delayLoadHelper2  000000018003be6c     Delayimp:delayhlp.obj
 0004:00001e78       $pdata$??_Gtype_info@@UEAAPEAXI@Z 000000018003be78     MSVCRT:std_type_info_static.obj
 0004:00001e90       $pdata$?dllmain_crt_process_attach@@YAHQEAUHINSTANCE__@@QEAX@Z 000000018003be90     MSVCRT:dll_dllmain.obj
 0004:00001e9c       $pdata$?fin$0@?0??dllmain_crt_process_attach@@YAHQEAUHINSTANCE__@@QEAX@Z@4HA 000000018003be9c     MSVCRT:dll_dllmain.obj
 0004:00001ea8       $pdata$?dllmain_crt_process_detach@@YAH_N@Z 000000018003bea8     MSVCRT:dll_dllmain.obj
 0004:00001eb4       $pdata$?fin$0@?0??dllmain_crt_process_detach@@YAH_N@Z@4HA 000000018003beb4     MSVCRT:dll_dllmain.obj
 0004:00001ec0       $pdata$?dllmain_crt_dispatch@@YAHQEAUHINSTANCE__@@KQEAX@Z 000000018003bec0     MSVCRT:dll_dllmain.obj
 0004:00001ecc       $pdata$?dllmain_dispatch@@YAHQEAUHINSTANCE__@@KQEAX@Z 000000018003becc     MSVCRT:dll_dllmain.obj
 0004:00001ed8       $pdata$?filt$0@?0??dllmain_dispatch@@YAHQEAUHINSTANCE__@@KQEAX@Z@4HA 000000018003bed8     MSVCRT:dll_dllmain.obj
 0004:00001ee4       $pdata$_DllMainCRTStartup  000000018003bee4     MSVCRT:dll_dllmain.obj
 0004:00001efc       $pdata$__security_init_cookie 000000018003befc     MSVCRT:gs_support.obj
 0004:00001f08       $pdata$__get_entropy       000000018003bf08     MSVCRT:gs_support.obj
 0004:00001f14       $pdata$DllMain             000000018003bf14     MSVCRT:dll_dllmain_stub.obj
 0004:00001f20       $pdata$__scrt_initialize_default_local_stdio_options 000000018003bf20     MSVCRT:default_local_stdio_options.obj
 0004:00001f2c       $pdata$atexit              000000018003bf2c     MSVCRT:utility.obj
 0004:00001f38       $pdata$_onexit             000000018003bf38     MSVCRT:utility.obj
 0004:00001f44       $pdata$__scrt_is_nonwritable_in_current_image 000000018003bf44     MSVCRT:utility.obj
 0004:00001f50       $pdata$__scrt_is_nonwritable_in_current_image$filt$0 000000018003bf50     MSVCRT:utility.obj
 0004:00001f5c       $pdata$__scrt_acquire_startup_lock 000000018003bf5c     MSVCRT:utility.obj
 0004:00001f68       $pdata$__scrt_release_startup_lock 000000018003bf68     MSVCRT:utility.obj
 0004:00001f74       $pdata$__scrt_initialize_crt 000000018003bf74     MSVCRT:utility.obj
 0004:00001f80       $pdata$__scrt_uninitialize_crt 000000018003bf80     MSVCRT:utility.obj
 0004:00001f8c       $pdata$__scrt_initialize_onexit_tables 000000018003bf8c     MSVCRT:utility.obj
 0004:00001f98       $pdata$__scrt_dllmain_exception_filter 000000018003bf98     MSVCRT:utility.obj
 0004:00001fa4       $pdata$__scrt_dllmain_before_initialize_c 000000018003bfa4     MSVCRT:utility.obj
 0004:00001fb0       $pdata$__scrt_dllmain_after_initialize_c 000000018003bfb0     MSVCRT:utility.obj
 0004:00001fbc       $pdata$__scrt_dllmain_uninitialize_c 000000018003bfbc     MSVCRT:utility.obj
 0004:00001fc8       $pdata$__scrt_dllmain_uninitialize_critical 000000018003bfc8     MSVCRT:utility.obj
 0004:00001fd4       $pdata$__scrt_dllmain_crt_thread_attach 000000018003bfd4     MSVCRT:utility.obj
 0004:00001fe0       $pdata$__scrt_dllmain_crt_thread_detach 000000018003bfe0     MSVCRT:utility.obj
 0004:00001fec       $pdata$?configure_argv@__scrt_narrow_argv_policy@@SAHXZ 000000018003bfec     MSVCRT:utility.obj
 0004:00001ff8       $pdata$__scrt_get_show_window_mode 000000018003bff8     MSVCRT:utility_desktop.obj
 0004:00002004       $pdata$__scrt_is_managed_app 000000018003c004     MSVCRT:utility_desktop.obj
 0004:00002010       $pdata$__scrt_fastfail     000000018003c010     MSVCRT:utility_desktop.obj
 0004:0000201c       $pdata$__scrt_unhandled_exception_filter 000000018003c01c     MSVCRT:utility_desktop.obj
 0004:00002028       $pdata$_RTC_Initialize     000000018003c028     MSVCRT:initsect.obj
 0004:00002034       $pdata$_RTC_Terminate      000000018003c034     MSVCRT:initsect.obj
 0004:0000204c       $pdata$__isa_available_init 000000018003c04c     MSVCRT:cpu_disp.obj
 0005:00000000       __spec_table               000000018003d000     MSVCRT:svml_ssinf4_sse2.obj
 0005:00000560       MMSA7                      000000018003d560     MSVCRT:svml_ssinf4_sse2.obj
 0005:00000570       MMSA3                      000000018003d570     MSVCRT:svml_ssinf4_sse2.obj
 0005:00000580       MMSA5                      000000018003d580     MSVCRT:svml_ssinf4_sse2.obj
 0005:00000590       MMSA9                      000000018003d590     MSVCRT:svml_ssinf4_sse2.obj
 0005:000005a0       MMSPI3                     000000018003d5a0     MSVCRT:svml_ssinf4_sse2.obj
 0005:000005b0       MMSPI4                     000000018003d5b0     MSVCRT:svml_ssinf4_sse2.obj
 0005:000005c0       MMSPI2                     000000018003d5c0     MSVCRT:svml_ssinf4_sse2.obj
 0005:000005d0       MMSPI1                     000000018003d5d0     MSVCRT:svml_ssinf4_sse2.obj
 0005:000005e0       MMIHUGE                    000000018003d5e0     MSVCRT:svml_ssinf4_sse2.obj
 0005:000005f0       MMSINVPI                   000000018003d5f0     MSVCRT:svml_ssinf4_sse2.obj
 0005:00000600       MMIABSMASK                 000000018003d600     MSVCRT:svml_ssinf4_sse2.obj
 0005:00000610       dbSignMask                 000000018003d610     MSVCRT:svml_ssinf4_sse2.obj
 0005:00000620       PI02C_4                    000000018003d620     MSVCRT:svml_ssinf4_sse2.obj
 0005:00000630       PI02C_3                    000000018003d630     MSVCRT:svml_ssinf4_sse2.obj
 0005:00000640       PI02C_2                    000000018003d640     MSVCRT:svml_ssinf4_sse2.obj
 0005:00000650       PI02C_1                    000000018003d650     MSVCRT:svml_ssinf4_sse2.obj
 0005:00000660       PI02C_0                    000000018003d660     MSVCRT:svml_ssinf4_sse2.obj
 0005:00000670       dbRS                       000000018003d670     MSVCRT:svml_ssinf4_sse2.obj
 0005:00000680       MSK_LOW_BIT                000000018003d680     MSVCRT:svml_ssinf4_sse2.obj
 0005:00000690       dbiOne                     000000018003d690     MSVCRT:svml_ssinf4_sse2.obj
 0005:000006a0       dbInvPio2                  000000018003d6a0     MSVCRT:svml_ssinf4_sse2.obj
 0005:000006b0       flAllOnes                  000000018003d6b0     MSVCRT:svml_ssinf4_sse2.obj
 0005:000006c0       flTwoPow30                 000000018003d6c0     MSVCRT:svml_ssinf4_sse2.obj
 0005:000006d0       MMISIGNMASK                000000018003d6d0     MSVCRT:svml_ssinf4_sse2.obj
 0006:000000a0       $R000000                   000000018003e0a0     PhysXCooking.res
 0006:000003d0       $R000330                   000000018003e3d0     PhysXCooking.res
